Component: ARM Compiler 5.06 update 6 (build 750) Tool: armlink [4d35ed]

==============================================================================

Section Cross References

    system_stm32f4xx.o(i.SystemCoreClockUpdate) refers to system_stm32f4xx.o(.data) for SystemCoreClock
    system_stm32f4xx.o(i.SystemInit) refers to system_stm32f4xx.o(i.SetSysClock) for SetSysClock
    main.o(i.getAngleX) refers to dflt_clz.o(x$fpl$dflt) for __aeabi_i2d
    main.o(i.getAngleX) refers to sqrt.o(i.__hardfp_sqrt) for __hardfp_sqrt
    main.o(i.getAngleX) refers to ddiv.o(x$fpl$ddiv) for __aeabi_ddiv
    main.o(i.getAngleX) refers to atan.o(i.__hardfp_atan) for __hardfp_atan
    main.o(i.getAngleX) refers to dmul.o(x$fpl$dmul) for __aeabi_dmul
    main.o(i.getAngleX) refers to dfix.o(x$fpl$dfix) for __aeabi_d2iz
    main.o(i.getAngleY) refers to dflt_clz.o(x$fpl$dflt) for __aeabi_i2d
    main.o(i.getAngleY) refers to sqrt.o(i.__hardfp_sqrt) for __hardfp_sqrt
    main.o(i.getAngleY) refers to ddiv.o(x$fpl$ddiv) for __aeabi_ddiv
    main.o(i.getAngleY) refers to atan.o(i.__hardfp_atan) for __hardfp_atan
    main.o(i.getAngleY) refers to dmul.o(x$fpl$dmul) for __aeabi_dmul
    main.o(i.getAngleY) refers to dfix.o(x$fpl$dfix) for __aeabi_d2iz
    main.o(i.main) refers to main.o(i.GPIOInit) for GPIOInit
    main.o(i.main) refers to main.o(i.USART1Init) for USART1Init
    main.o(i.main) refers to main.o(i.SPI1Init) for SPI1Init
    main.o(i.main) refers to queue.o(i.xQueueGenericCreate) for xQueueGenericCreate
    main.o(i.main) refers to tasks.o(i.xTaskCreate) for xTaskCreate
    main.o(i.main) refers to tasks.o(i.vTaskStartScheduler) for vTaskStartScheduler
    main.o(i.main) refers to main.o(.data) for SendData
    main.o(i.main) refers to main.o(i.vTaskUSART1) for vTaskUSART1
    main.o(i.main) refers to main.o(i.vTaskSPI1) for vTaskSPI1
    main.o(i.sendDataUSART) refers to main.o(i.writeLine) for writeLine
    main.o(i.vTaskSPI1) refers to main.o(i.SPI_Tx) for SPI_Tx
    main.o(i.vTaskSPI1) refers to main.o(i.SPI_Rx) for SPI_Rx
    main.o(i.vTaskSPI1) refers to queue.o(i.xQueueGenericSend) for xQueueGenericSend
    main.o(i.vTaskSPI1) refers to tasks.o(i.vTaskDelay) for vTaskDelay
    main.o(i.vTaskSPI1) refers to main.o(.data) for SendData
    main.o(i.vTaskUSART1) refers to queue.o(i.uxQueueMessagesWaiting) for uxQueueMessagesWaiting
    main.o(i.vTaskUSART1) refers to queue.o(i.xQueueReceive) for xQueueReceive
    main.o(i.vTaskUSART1) refers to main.o(i.writeLine) for writeLine
    main.o(i.vTaskUSART1) refers to main.o(i.getAngleX) for getAngleX
    main.o(i.vTaskUSART1) refers to dflt_clz.o(x$fpl$dflt) for __aeabi_i2d
    main.o(i.vTaskUSART1) refers to dfix.o(x$fpl$dfix) for __aeabi_d2iz
    main.o(i.vTaskUSART1) refers to main.o(i.sendDataUSART) for sendDataUSART
    main.o(i.vTaskUSART1) refers to main.o(i.getAngleY) for getAngleY
    main.o(i.vTaskUSART1) refers to main.o(.data) for SendData
    startup_stm32f40xx.o(STACK) refers (Special) to heapauxi.o(.text) for __use_two_region_memory
    startup_stm32f40xx.o(HEAP) refers (Special) to heapauxi.o(.text) for __use_two_region_memory
    startup_stm32f40xx.o(RESET) refers (Special) to heapauxi.o(.text) for __use_two_region_memory
    startup_stm32f40xx.o(RESET) refers to startup_stm32f40xx.o(STACK) for __initial_sp
    startup_stm32f40xx.o(RESET) refers to startup_stm32f40xx.o(.text) for Reset_Handler
    startup_stm32f40xx.o(RESET) refers to port.o(.emb_text) for SVC_Handler
    startup_stm32f40xx.o(RESET) refers to port.o(i.SysTick_Handler) for SysTick_Handler
    startup_stm32f40xx.o(.text) refers (Special) to heapauxi.o(.text) for __use_two_region_memory
    startup_stm32f40xx.o(.text) refers to system_stm32f4xx.o(i.SystemInit) for SystemInit
    startup_stm32f40xx.o(.text) refers to __main.o(!!!main) for __main
    startup_stm32f40xx.o(.text) refers to startup_stm32f40xx.o(HEAP) for Heap_Mem
    startup_stm32f40xx.o(.text) refers to startup_stm32f40xx.o(STACK) for Stack_Mem
    stm32f4xx_rcc.o(i.RCC_GetClocksFreq) refers to stm32f4xx_rcc.o(.data) for APBAHBPrescTable
    stm32f4xx_rcc.o(i.RCC_WaitForHSEStartUp) refers to stm32f4xx_rcc.o(i.RCC_GetFlagStatus) for RCC_GetFlagStatus
    stm32f4xx_gpio.o(i.GPIO_DeInit) refers to stm32f4xx_rcc.o(i.RCC_AHB1PeriphResetCmd) for RCC_AHB1PeriphResetCmd
    stm32f4xx_usart.o(i.USART_DeInit) refers to stm32f4xx_rcc.o(i.RCC_APB2PeriphResetCmd) for RCC_APB2PeriphResetCmd
    stm32f4xx_usart.o(i.USART_DeInit) refers to stm32f4xx_rcc.o(i.RCC_APB1PeriphResetCmd) for RCC_APB1PeriphResetCmd
    stm32f4xx_usart.o(i.USART_Init) refers to stm32f4xx_rcc.o(i.RCC_GetClocksFreq) for RCC_GetClocksFreq
    stm32f4xx_spi.o(i.SPI_I2S_DeInit) refers to stm32f4xx_rcc.o(i.RCC_APB2PeriphResetCmd) for RCC_APB2PeriphResetCmd
    stm32f4xx_spi.o(i.SPI_I2S_DeInit) refers to stm32f4xx_rcc.o(i.RCC_APB1PeriphResetCmd) for RCC_APB1PeriphResetCmd
[...]
    Removing timers.o(i.vTimerSetTimerNumber), (4 bytes).
    Removing timers.o(i.xTimerCreate), (54 bytes).
    Removing timers.o(i.xTimerGetExpiryTime), (34 bytes).
    Removing timers.o(i.xTimerGetPeriod), (32 bytes).
    Removing timers.o(i.xTimerGetTimerDaemonTaskHandle), (48 bytes).
    Removing timers.o(i.xTimerIsTimerActive), (58 bytes).

251 unused section(s) (total 15656 bytes) removed from the image.

==============================================================================

Image Symbol Table

    Local Symbols

    Symbol Name                              Value     Ov Type        Size  Object(Section)

    ../clib/angel/boardlib.s                 0x00000000   Number         0  boardinit2.o ABSOLUTE
    ../clib/angel/boardlib.s                 0x00000000   Number         0  boardinit3.o ABSOLUTE
    ../clib/angel/boardlib.s                 0x00000000   Number         0  boardinit1.o ABSOLUTE
    ../clib/angel/boardlib.s                 0x00000000   Number         0  boardshut.o ABSOLUTE
    ../clib/angel/handlers.s                 0x00000000   Number         0  __scatter_copy.o ABSOLUTE
    ../clib/angel/handlers.s                 0x00000000   Number         0  __scatter_zi.o ABSOLUTE
    ../clib/angel/kernel.s                   0x00000000   Number         0  __rtentry2.o ABSOLUTE
    ../clib/angel/kernel.s                   0x00000000   Number         0  __rtentry4.o ABSOLUTE
    ../clib/angel/kernel.s                   0x00000000   Number         0  __rtentry.o ABSOLUTE
    ../clib/angel/kernel.s                   0x00000000   Number         0  rtexit.o ABSOLUTE
    ../clib/angel/kernel.s                   0x00000000   Number         0  rtexit2.o ABSOLUTE
    ../clib/angel/rt.s                       0x00000000   Number         0  rt_errno_addr.o ABSOLUTE
    ../clib/angel/rt.s                       0x00000000   Number         0  rt_errno_addr_intlibspace.o ABSOLUTE
    ../clib/angel/rt.s                       0x00000000   Number         0  rt_raise.o ABSOLUTE
    ../clib/angel/scatter.s                  0x00000000   Number         0  __scatter.o ABSOLUTE
    ../clib/angel/startup.s                  0x00000000   Number         0  __main.o ABSOLUTE
    ../clib/angel/sys.s                      0x00000000   Number         0  sys_stackheap_outer.o ABSOLUTE
    ../clib/angel/sys.s                      0x00000000   Number         0  libspace.o ABSOLUTE
    ../clib/angel/sys.s                      0x00000000   Number         0  indicate_semi.o ABSOLUTE
    ../clib/angel/sys.s                      0x00000000   Number         0  use_no_semi.o ABSOLUTE
    ../clib/angel/sysapp.c                   0x00000000   Number         0  sys_exit.o ABSOLUTE
    ../clib/angel/sysapp.c                   0x00000000   Number         0  sys_wrch.o ABSOLUTE
    ../clib/angel/sysapp.c                   0x00000000   Number         0  sys_command.o ABSOLUTE
    ../clib/armsys.c                         0x00000000   Number         0  argv_veneer.o ABSOLUTE
    ../clib/armsys.c                         0x00000000   Number         0  no_argv.o ABSOLUTE
    ../clib/armsys.c                         0x00000000   Number         0  argv_veneer.o ABSOLUTE
    ../clib/armsys.c                         0x00000000   Number         0  _get_argv_nomalloc.o ABSOLUTE
    ../clib/fenv.c                           0x00000000   Number         0  _rserrno.o ABSOLUTE
    ../clib/heapalloc.c                      0x00000000   Number         0  hrguard.o ABSOLUTE
    ../clib/heapaux.c                        0x00000000   Number         0  heapauxi.o ABSOLUTE
    ../clib/libinit.s                        0x00000000   Number         0  libinit2.o ABSOLUTE
    ../clib/libinit.s                        0x00000000   Number         0  libshutdown2.o ABSOLUTE
    ../clib/libinit.s                        0x00000000   Number         0  libinit.o ABSOLUTE
    ../clib/libinit.s                        0x00000000   Number         0  libshutdown.o ABSOLUTE
    ../clib/memcpset.s                       0x00000000   Number         0  rt_memcpy_v6.o ABSOLUTE
    ../clib/memcpset.s                       0x00000000   Number         0  rt_memcpy_w.o ABSOLUTE
    ../clib/memcpset.s                       0x00000000   Number         0  rt_memclr.o ABSOLUTE
    ../clib/memcpset.s                       0x00000000   Number         0  memset.o ABSOLUTE
    ../clib/memcpset.s                       0x00000000   Number         0  aeabi_memset.o ABSOLUTE
    ../clib/memcpset.s                       0x00000000   Number         0  rt_memclr_w.o ABSOLUTE
    ../clib/signal.c                         0x00000000   Number         0  defsig_rtmem_inner.o ABSOLUTE
    ../clib/signal.c                         0x00000000   Number         0  defsig_pvfn_inner.o ABSOLUTE
    ../clib/signal.c                         0x00000000   Number         0  defsig_stak_inner.o ABSOLUTE
    ../clib/signal.c                         0x00000000   Number         0  defsig_rtred_inner.o ABSOLUTE
    ../clib/signal.c                         0x00000000   Number         0  __raise.o ABSOLUTE
    ../clib/signal.c                         0x00000000   Number         0  defsig_fpe_inner.o ABSOLUTE
    ../clib/signal.c                         0x00000000   Number         0  defsig_exit.o ABSOLUTE
    ../clib/signal.c                         0x00000000   Number         0  defsig_cppl_inner.o ABSOLUTE
    ../clib/signal.c                         0x00000000   Number         0  defsig_rtmem_formal.o ABSOLUTE
    ../clib/signal.c                         0x00000000   Number         0  defsig_rtmem_outer.o ABSOLUTE
    ../clib/signal.c                         0x00000000   Number         0  defsig_general.o ABSOLUTE
    ../clib/signal.c                         0x00000000   Number         0  defsig_abrt_inner.o ABSOLUTE
    ../clib/signal.c                         0x00000000   Number         0  defsig_other.o ABSOLUTE
    ../clib/signal.c                         0x00000000   Number         0  defsig_segv_inner.o ABSOLUTE
    ../clib/signal.s                         0x00000000   Number         0  defsig.o ABSOLUTE
    ../clib/stdlib.c                         0x00000000   Number         0  exit.o ABSOLUTE
    ../fplib/basic.s                         0x00000000   Number         0  basic.o ABSOLUTE
    ../fplib/daddsub.s                       0x00000000   Number         0  daddsub_clz.o ABSOLUTE
    ../fplib/dcmpi.s                         0x00000000   Number         0  dcmpi.o ABSOLUTE
    ../fplib/ddiv.s                          0x00000000   Number         0  ddiv.o ABSOLUTE
    ../fplib/dfix.s                          0x00000000   Number         0  dfix.o ABSOLUTE
    ../fplib/dflt.s                          0x00000000   Number         0  dflt_clz.o ABSOLUTE
    ../fplib/dleqf.s                         0x00000000   Number         0  dleqf.o ABSOLUTE
    ../fplib/dmul.s                          0x00000000   Number         0  dmul.o ABSOLUTE
    ../fplib/dnaninf.s                       0x00000000   Number         0  dnaninf.o ABSOLUTE
    ../fplib/dretinf.s                       0x00000000   Number         0  dretinf.o ABSOLUTE
    ../fplib/dsqrt.s                         0x00000000   Number         0  dsqrt_umaal.o ABSOLUTE
    ../fplib/fpinit.s                        0x00000000   Number         0  fpinit.o ABSOLUTE
    ../fplib/usenofp.s                       0x00000000   Number         0  usenofp.o ABSOLUTE
    ../mathlib/atan.c                        0x00000000   Number         0  atan_x.o ABSOLUTE
    ../mathlib/atan.c                        0x00000000   Number         0  atan.o ABSOLUTE
    ../mathlib/dunder.c                      0x00000000   Number         0  dunder.o ABSOLUTE
    ../mathlib/fabs.c                        0x00000000   Number         0  fabs.o ABSOLUTE
    ../mathlib/fpclassify.c                  0x00000000   Number         0  fpclassify.o ABSOLUTE
    ../mathlib/poly.c                        0x00000000   Number         0  poly.o ABSOLUTE
    ../mathlib/sqrt.c                        0x00000000   Number         0  sqrt_x.o ABSOLUTE
    ../mathlib/sqrt.c                        0x00000000   Number         0  sqrt.o ABSOLUTE
    CMSIS\\src\\system_stm32f4xx.c           0x00000000   Number         0  system_stm32f4xx.o ABSOLUTE
    CMSIS\src\system_stm32f4xx.c             0x00000000   Number         0  system_stm32f4xx.o ABSOLUTE
    Code\\src\\main.c                        0x00000000   Number         0  main.o ABSOLUTE
    Code\src\main.c                          0x00000000   Number         0  main.o ABSOLUTE
    FreeRTOS\\src\\port.c                    0x00000000   Number         0  port.o ABSOLUTE
    FreeRTOS\src\croutine.c                  0x00000000   Number         0  croutine.o ABSOLUTE
    FreeRTOS\src\event_groups.c              0x00000000   Number         0  event_groups.o ABSOLUTE
    FreeRTOS\src\heap_1.c                    0x00000000   Number         0  heap_1.o ABSOLUTE
    FreeRTOS\src\list.c                      0x00000000   Number         0  list.o ABSOLUTE
    FreeRTOS\src\port.c                      0x00000000   Number         0  port.o ABSOLUTE
    FreeRTOS\src\queue.c                     0x00000000   Number         0  queue.o ABSOLUTE
    FreeRTOS\src\stream_buffer.c             0x00000000   Number         0  stream_buffer.o ABSOLUTE
    FreeRTOS\src\tasks.c                     0x00000000   Number         0  tasks.o ABSOLUTE
    FreeRTOS\src\timers.c                    0x00000000   Number         0  timers.o ABSOLUTE
    Startup\startup_stm32f40xx.s             0x00000000   Number         0  startup_stm32f40xx.o ABSOLUTE
    StdLibrary\\src\\stm32f4xx_gpio.c        0x00000000   Number         0  stm32f4xx_gpio.o ABSOLUTE
    StdLibrary\\src\\stm32f4xx_rcc.c         0x00000000   Number         0  stm32f4xx_rcc.o ABSOLUTE
    StdLibrary\\src\\stm32f4xx_spi.c         0x00000000   Number         0  stm32f4xx_spi.o ABSOLUTE
    StdLibrary\\src\\stm32f4xx_usart.c       0x00000000   Number         0  stm32f4xx_usart.o ABSOLUTE
    StdLibrary\src\stm32f4xx_gpio.c          0x00000000   Number         0  stm32f4xx_gpio.o ABSOLUTE
    StdLibrary\src\stm32f4xx_rcc.c           0x00000000   Number         0  stm32f4xx_rcc.o ABSOLUTE
    StdLibrary\src\stm32f4xx_spi.c           0x00000000   Number         0  stm32f4xx_spi.o ABSOLUTE
    StdLibrary\src\stm32f4xx_usart.c         0x00000000   Number         0  stm32f4xx_usart.o ABSOLUTE
    dc.s                                     0x00000000   Number         0  dc.o ABSOLUTE
    RESET                                    0x08000000   Section      392  startup_stm32f40xx.o(RESET)
    !!!main                                  0x08000188   Section        8  __main.o(!!!main)
    !!!scatter                               0x08000190   Section       52  __scatter.o(!!!scatter)
    !!handler_copy                           0x080001c4   Section       26  __scatter_copy.o(!!handler_copy)
    !!handler_zi                             0x080001e0   Section       28  __scatter_zi.o(!!handler_zi)
    .ARM.Collect$$libinit$$00000000          0x080001fc   Section        2  libinit.o(.ARM.Collect$$libinit$$00000000)
    .ARM.Collect$$libinit$$00000001          0x080001fe   Section        4  libinit2.o(.ARM.Collect$$libinit$$00000001)
    .ARM.Collect$$libinit$$00000004          0x08000202   Section        0  libinit2.o(.ARM.Collect$$libinit$$00000004)
    .ARM.Collect$$libinit$$0000000A          0x08000202   Section        0  libinit2.o(.ARM.Collect$$libinit$$0000000A)
    .ARM.Collect$$libinit$$0000000C          0x08000202   Section        0  libinit2.o(.ARM.Collect$$libinit$$0000000C)
    .ARM.Collect$$libinit$$0000000E          0x08000202   Section        0  libinit2.o(.ARM.Collect$$libinit$$0000000E)
    .ARM.Collect$$libinit$$00000011          0x08000202   Section        0  libinit2.o(.ARM.Collect$$libinit$$00000011)
    .ARM.Collect$$libinit$$00000013          0x08000202   Section        0  libinit2.o(.ARM.Collect$$libinit$$00000013)
    .ARM.Collect$$libinit$$00000015          0x08000202   Section        0  libinit2.o(.ARM.Collect$$libinit$$00000015)
    .ARM.Collect$$libinit$$00000017          0x08000202   Section        0  libinit2.o(.ARM.Collect$$libinit$$00000017)
    .ARM.Collect$$libinit$$00000019          0x08000202   Section        0  libinit2.o(.ARM.Collect$$libinit$$00000019)
    .ARM.Collect$$libinit$$0000001B          0x08000202   Section        0  libinit2.o(.ARM.Collect$$libinit$$0000001B)
    .ARM.Collect$$libinit$$0000001D          0x08000202   Section        0  libinit2.o(.ARM.Collect$$libinit$$0000001D)
    .ARM.Collect$$libinit$$0000001F          0x08000202   Section        0  libinit2.o(.ARM.Collect$$libinit$$0000001F)
    .ARM.Collect$$libinit$$00000021          0x08000202   Section        0  libinit2.o(.ARM.Collect$$libinit$$00000021)
    .ARM.Collect$$libinit$$00000023          0x08000202   Section        0  libinit2.o(.ARM.Collect$$libinit$$00000023)
    .ARM.Collect$$libinit$$00000025          0x08000202   Section        0  libinit2.o(.ARM.Collect$$libinit$$00000025)
    .ARM.Collect$$libinit$$0000002C          0x08000202   Section        0  libinit2.o(.ARM.Collect$$libinit$$0000002C)
    .ARM.Collect$$libinit$$0000002E          0x08000202   Section        0  libinit2.o(.ARM.Collect$$libinit$$0000002E)
    .ARM.Collect$$libinit$$00000030          0x08000202   Section        0  libinit2.o(.ARM.Collect$$libinit$$00000030)
    .ARM.Collect$$libinit$$00000032          0x08000202   Section        0  libinit2.o(.ARM.Collect$$libinit$$00000032)
    .ARM.Collect$$libinit$$00000033          0x08000202   Section        2  libinit2.o(.ARM.Collect$$libinit$$00000033)
    .ARM.Collect$$libshutdown$$00000000      0x08000204   Section        2  libshutdown.o(.ARM.Collect$$libshutdown$$00000000)
    .ARM.Collect$$libshutdown$$00000002      0x08000206   Section        0  libshutdown2.o(.ARM.Collect$$libshutdown$$00000002)
    .ARM.Collect$$libshutdown$$00000004      0x08000206   Section        0  libshutdown2.o(.ARM.Collect$$libshutdown$$00000004)
    .ARM.Collect$$libshutdown$$00000007      0x08000206   Section        0  libshutdown2.o(.ARM.Collect$$libshutdown$$00000007)
    .ARM.Collect$$libshutdown$$0000000A      0x08000206   Section        0  libshutdown2.o(.ARM.Collect$$libshutdown$$0000000A)
    .ARM.Collect$$libshutdown$$0000000C      0x08000206   Section        0  libshutdown2.o(.ARM.Collect$$libshutdown$$0000000C)
    .ARM.Collect$$libshutdown$$0000000F      0x08000206   Section        0  libshutdown2.o(.ARM.Collect$$libshutdown$$0000000F)
    .ARM.Collect$$libshutdown$$00000010      0x08000206   Section        2  libshutdown2.o(.ARM.Collect$$libshutdown$$00000010)
    .ARM.Collect$$rtentry$$00000000          0x08000208   Section        0  __rtentry.o(.ARM.Collect$$rtentry$$00000000)
    .ARM.Collect$$rtentry$$00000002          0x08000208   Section        0  __rtentry2.o(.ARM.Collect$$rtentry$$00000002)
    .ARM.Collect$$rtentry$$00000004          0x08000208   Section        6  __rtentry4.o(.ARM.Collect$$rtentry$$00000004)
    .ARM.Collect$$rtentry$$00000009          0x0800020e   Section        0  __rtentry2.o(.ARM.Collect$$rtentry$$00000009)
    .ARM.Collect$$rtentry$$0000000A          0x0800020e   Section        4  __rtentry2.o(.ARM.Collect$$rtentry$$0000000A)
    .ARM.Collect$$rtentry$$0000000C          0x08000212   Section        0  __rtentry2.o(.ARM.Collect$$rtentry$$0000000C)
    .ARM.Collect$$rtentry$$0000000D          0x08000212   Section        8  __rtentry2.o(.ARM.Collect$$rtentry$$0000000D)
    .ARM.Collect$$rtexit$$00000000           0x0800021a   Section        2  rtexit.o(.ARM.Collect$$rtexit$$00000000)
    .ARM.Collect$$rtexit$$00000002           0x0800021c   Section        0  rtexit2.o(.ARM.Collect$$rtexit$$00000002)
    .ARM.Collect$$rtexit$$00000003           0x0800021c   Section        4  rtexit2.o(.ARM.Collect$$rtexit$$00000003)
    .ARM.Collect$$rtexit$$00000004           0x08000220   Section        6  rtexit2.o(.ARM.Collect$$rtexit$$00000004)
    .emb_text                                0x08000228   Section      190  port.o(.emb_text)
    $v0                                      0x08000228   Number         0  port.o(.emb_text)
    .text                                    0x080002e8   Section       64  startup_stm32f40xx.o(.text)
    $v0                                      0x080002e8   Number         0  startup_stm32f40xx.o(.text)
    .text                                    0x08000328   Section      138  rt_memcpy_v6.o(.text)
    .text                                    0x080003b2   Section       16  aeabi_memset.o(.text)
    .text                                    0x080003c2   Section       78  rt_memclr_w.o(.text)
    .text                                    0x08000410   Section        0  heapauxi.o(.text)
    .text                                    0x08000416   Section        0  _rserrno.o(.text)
    .text                                    0x0800042c   Section      100  rt_memcpy_w.o(.text)
    .text                                    0x08000490   Section       68  rt_memclr.o(.text)
    .text                                    0x080004d4   Section        8  rt_errno_addr_intlibspace.o(.text)
    .text                                    0x080004dc   Section        8  libspace.o(.text)
    .text                                    0x080004e4   Section       74  sys_stackheap_outer.o(.text)
    .text                                    0x0800052e   Section        0  exit.o(.text)
    .text                                    0x08000540   Section        0  sys_exit.o(.text)
    .text                                    0x0800054c   Section        2  use_no_semi.o(.text)
    .text                                    0x0800054e   Section        0  indicate_semi.o(.text)
    i.GPIOInit                               0x08000550   Section        0  main.o(i.GPIOInit)
    i.SPI1Init                               0x08000628   Section        0  main.o(i.SPI1Init)
    i.SPI_Rx                                 0x080006bc   Section        0  main.o(i.SPI_Rx)
    i.SPI_Tx                                 0x08000730   Section        0  main.o(i.SPI_Tx)
    i.SetSysClock                            0x0800079c   Section        0  system_stm32f4xx.o(i.SetSysClock)
    SetSysClock                              0x0800079d   Thumb Code   220  system_stm32f4xx.o(i.SetSysClock)
    i.SysTick_Handler                        0x08000888   Section        0  port.o(i.SysTick_Handler)
    i.SystemInit                             0x080008bc   Section        0  system_stm32f4xx.o(i.SystemInit)
    i.USART1Init                             0x08000924   Section        0  main.o(i.USART1Init)
    i.__ARM_fpclassify                       0x080009b8   Section        0  fpclassify.o(i.__ARM_fpclassify)
    i.__hardfp_atan                          0x080009e8   Section        0  atan.o(i.__hardfp_atan)
    i.__hardfp_sqrt                          0x08000cc0   Section        0  sqrt.o(i.__hardfp_sqrt)
    i.__kernel_poly                          0x08000d3a   Section        0  poly.o(i.__kernel_poly)
    i.__mathlib_dbl_infnan                   0x08000e32   Section        0  dunder.o(i.__mathlib_dbl_infnan)
    i.__mathlib_dbl_underflow                0x08000e48   Section        0  dunder.o(i.__mathlib_dbl_underflow)
    i.fabs                                   0x08000e68   Section        0  fabs.o(i.fabs)
    i.getAngleX                              0x08000e80   Section        0  main.o(i.getAngleX)
    i.getAngleY                              0x08000f00   Section        0  main.o(i.getAngleY)
    i.main                                   0x08000f80   Section        0  main.o(i.main)
    i.prvAddCurrentTaskToDelayedList         0x08000fe8   Section        0  tasks.o(i.prvAddCurrentTaskToDelayedList)
    prvAddCurrentTaskToDelayedList           0x08000fe9   Thumb Code   124  tasks.o(i.prvAddCurrentTaskToDelayedList)
    i.prvAddNewTaskToReadyList               0x08001080   Section        0  tasks.o(i.prvAddNewTaskToReadyList)
    prvAddNewTaskToReadyList                 0x08001081   Thumb Code   156  tasks.o(i.prvAddNewTaskToReadyList)
    i.prvCheckForValidListAndQueue           0x08001138   Section        0  timers.o(i.prvCheckForValidListAndQueue)
    prvCheckForValidListAndQueue             0x08001139   Thumb Code    72  timers.o(i.prvCheckForValidListAndQueue)
    i.prvCheckTasksWaitingTermination        0x0800119c   Section        0  tasks.o(i.prvCheckTasksWaitingTermination)
    prvCheckTasksWaitingTermination          0x0800119d   Thumb Code    60  tasks.o(i.prvCheckTasksWaitingTermination)
    i.prvCopyDataFromQueue                   0x080011e4   Section        0  queue.o(i.prvCopyDataFromQueue)
    prvCopyDataFromQueue                     0x080011e5   Thumb Code    42  queue.o(i.prvCopyDataFromQueue)
    i.prvCopyDataToQueue                     0x0800120e   Section        0  queue.o(i.prvCopyDataToQueue)
    prvCopyDataToQueue                       0x0800120f   Thumb Code   126  queue.o(i.prvCopyDataToQueue)
    i.prvDeleteTCB                           0x0800128c   Section        0  tasks.o(i.prvDeleteTCB)
    prvDeleteTCB                             0x0800128d   Thumb Code    18  tasks.o(i.prvDeleteTCB)
    i.prvGetNextExpireTime                   0x080012a0   Section        0  timers.o(i.prvGetNextExpireTime)
    prvGetNextExpireTime                     0x080012a1   Thumb Code    36  timers.o(i.prvGetNextExpireTime)
    i.prvIdleTask                            0x080012c8   Section        0  tasks.o(i.prvIdleTask)
    prvIdleTask                              0x080012c9   Thumb Code    32  tasks.o(i.prvIdleTask)
    i.prvInitialiseNewQueue                  0x080012f0   Section        0  queue.o(i.prvInitialiseNewQueue)
    prvInitialiseNewQueue                    0x080012f1   Thumb Code    42  queue.o(i.prvInitialiseNewQueue)
    i.prvInitialiseNewTask                   0x0800131a   Section        0  tasks.o(i.prvInitialiseNewTask)
    prvInitialiseNewTask                     0x0800131b   Thumb Code   190  tasks.o(i.prvInitialiseNewTask)
    i.prvInitialiseTaskLists                 0x080013d8   Section        0  tasks.o(i.prvInitialiseTaskLists)
    prvInitialiseTaskLists                   0x080013d9   Thumb Code    70  tasks.o(i.prvInitialiseTaskLists)
    i.prvInsertTimerInActiveList             0x08001440   Section        0  timers.o(i.prvInsertTimerInActiveList)
    prvInsertTimerInActiveList               0x08001441   Thumb Code    80  timers.o(i.prvInsertTimerInActiveList)
    i.prvIsQueueEmpty                        0x08001498   Section        0  queue.o(i.prvIsQueueEmpty)
    prvIsQueueEmpty                          0x08001499   Thumb Code    26  queue.o(i.prvIsQueueEmpty)
    i.prvIsQueueFull                         0x080014b2   Section        0  queue.o(i.prvIsQueueFull)
    prvIsQueueFull                           0x080014b3   Thumb Code    30  queue.o(i.prvIsQueueFull)
    i.prvProcessExpiredTimer                 0x080014d0   Section        0  timers.o(i.prvProcessExpiredTimer)
    prvProcessExpiredTimer                   0x080014d1   Thumb Code   110  timers.o(i.prvProcessExpiredTimer)
    i.prvProcessReceivedCommands             0x08001544   Section        0  timers.o(i.prvProcessReceivedCommands)
    prvProcessReceivedCommands               0x08001545   Thumb Code   308  timers.o(i.prvProcessReceivedCommands)
    i.prvProcessTimerOrBlockTask             0x0800167c   Section        0  timers.o(i.prvProcessTimerOrBlockTask)
    prvProcessTimerOrBlockTask               0x0800167d   Thumb Code   102  timers.o(i.prvProcessTimerOrBlockTask)
    i.prvResetNextTaskUnblockTime            0x080016f0   Section        0  tasks.o(i.prvResetNextTaskUnblockTime)
    prvResetNextTaskUnblockTime              0x080016f1   Thumb Code    42  tasks.o(i.prvResetNextTaskUnblockTime)
    i.prvSampleTimeNow                       0x08001724   Section        0  timers.o(i.prvSampleTimeNow)
    prvSampleTimeNow                         0x08001725   Thumb Code    40  timers.o(i.prvSampleTimeNow)
    i.prvSwitchTimerLists                    0x08001750   Section        0  timers.o(i.prvSwitchTimerLists)
    prvSwitchTimerLists                      0x08001751   Thumb Code   154  timers.o(i.prvSwitchTimerLists)
    i.prvTaskExitError                       0x080017f4   Section        0  port.o(i.prvTaskExitError)
    prvTaskExitError                         0x080017f5   Thumb Code    60  port.o(i.prvTaskExitError)
    i.prvTimerTask                           0x08001834   Section        0  timers.o(i.prvTimerTask)
    prvTimerTask                             0x08001835   Thumb Code    26  timers.o(i.prvTimerTask)
    i.prvUnlockQueue                         0x0800184e   Section        0  queue.o(i.prvUnlockQueue)
    prvUnlockQueue                           0x0800184f   Thumb Code   126  queue.o(i.prvUnlockQueue)
    i.pvPortMalloc                           0x080018cc   Section        0  heap_1.o(i.pvPortMalloc)
    i.pxPortInitialiseStack                  0x0800193c   Section        0  port.o(i.pxPortInitialiseStack)
    i.sendDataUSART                          0x08001968   Section        0  main.o(i.sendDataUSART)
    i.uxListRemove                           0x080019b4   Section        0  list.o(i.uxListRemove)
    i.uxQueueMessagesWaiting                 0x080019dc   Section        0  queue.o(i.uxQueueMessagesWaiting)
    i.vListInitialise                        0x08001a06   Section        0  list.o(i.vListInitialise)
    i.vListInitialiseItem                    0x08001a20   Section        0  list.o(i.vListInitialiseItem)
    i.vListInsert                            0x08001a26   Section        0  list.o(i.vListInsert)
    i.vListInsertEnd                         0x08001a5a   Section        0  list.o(i.vListInsertEnd)
    i.vPortEnterCritical                     0x08001a74   Section        0  port.o(i.vPortEnterCritical)
    i.vPortExitCritical                      0x08001ac8   Section        0  port.o(i.vPortExitCritical)
    i.vPortFree                              0x08001b04   Section        0  heap_1.o(i.vPortFree)
    i.vPortSetupTimerInterrupt               0x08001b28   Section        0  port.o(i.vPortSetupTimerInterrupt)
    i.vPortValidateInterruptPriority         0x08001b40   Section        0  port.o(i.vPortValidateInterruptPriority)
    i.vQueueAddToRegistry                    0x08001bb8   Section        0  queue.o(i.vQueueAddToRegistry)
    i.vQueueWaitForMessageRestricted         0x08001be4   Section        0  queue.o(i.vQueueWaitForMessageRestricted)
    i.vTaskDelay                             0x08001c30   Section        0  tasks.o(i.vTaskDelay)
    i.vTaskInternalSetTimeOutState           0x08001c8c   Section        0  tasks.o(i.vTaskInternalSetTimeOutState)
    i.vTaskMissedYield                       0x08001ca4   Section        0  tasks.o(i.vTaskMissedYield)
    i.vTaskPlaceOnEventList                  0x08001cb0   Section        0  tasks.o(i.vTaskPlaceOnEventList)
    i.vTaskPlaceOnEventListRestricted        0x08001ce8   Section        0  tasks.o(i.vTaskPlaceOnEventListRestricted)
    i.vTaskSPI1                              0x08001d28   Section        0  main.o(i.vTaskSPI1)
    i.vTaskStartScheduler                    0x08001e24   Section        0  tasks.o(i.vTaskStartScheduler)
    i.vTaskSuspendAll                        0x08001eb8   Section        0  tasks.o(i.vTaskSuspendAll)
    i.vTaskSwitchContext                     0x08001ec8   Section        0  tasks.o(i.vTaskSwitchContext)
    i.vTaskUSART1                            0x08001f54   Section        0  main.o(i.vTaskUSART1)
    i.writeLine                              0x08002028   Section        0  main.o(i.writeLine)
    i.xPortStartScheduler                    0x08002050   Section        0  port.o(i.xPortStartScheduler)
    i.xQueueGenericCreate                    0x080021b8   Section        0  queue.o(i.xQueueGenericCreate)
    i.xQueueGenericReset                     0x0800220c   Section        0  queue.o(i.xQueueGenericReset)
    i.xQueueGenericSend                      0x080022a4   Section        0  queue.o(i.xQueueGenericSend)
    i.xQueueGenericSendFromISR               0x0800244c   Section        0  queue.o(i.xQueueGenericSendFromISR)
    i.xQueueReceive                          0x08002548   Section        0  queue.o(i.xQueueReceive)
    i.xTaskCheckForTimeOut                   0x080026b0   Section        0  tasks.o(i.xTaskCheckForTimeOut)
    i.xTaskCreate                            0x0800273c   Section        0  tasks.o(i.xTaskCreate)
    i.xTaskGetSchedulerState                 0x0800279c   Section        0  tasks.o(i.xTaskGetSchedulerState)
    i.xTaskGetTickCount                      0x080027bc   Section        0  tasks.o(i.xTaskGetTickCount)
    i.xTaskIncrementTick                     0x080027c8   Section        0  tasks.o(i.xTaskIncrementTick)
    i.xTaskPriorityDisinherit                0x08002910   Section        0  tasks.o(i.xTaskPriorityDisinherit)
    i.xTaskRemoveFromEventList               0x080029d8   Section        0  tasks.o(i.xTaskRemoveFromEventList)
    i.xTaskResumeAll                         0x08002a70   Section        0  tasks.o(i.xTaskResumeAll)
    i.xTimerCreateTimerTask                  0x08002b74   Section        0  timers.o(i.xTimerCreateTimerTask)
    i.xTimerGenericCommand                   0x08002bc8   Section        0  timers.o(i.xTimerGenericCommand)
    x$fpl$basic                              0x08002c4c   Section       24  basic.o(x$fpl$basic)
    $v0                                      0x08002c4c   Number         0  basic.o(x$fpl$basic)
    x$fpl$dadd                               0x08002c64   Section      336  daddsub_clz.o(x$fpl$dadd)
    $v0                                      0x08002c64   Number         0  daddsub_clz.o(x$fpl$dadd)
    _dadd1                                   0x08002c75   Thumb Code     0  daddsub_clz.o(x$fpl$dadd)
    x$fpl$ddiv                               0x08002db4   Section      688  ddiv.o(x$fpl$ddiv)
    $v0                                      0x08002db4   Number         0  ddiv.o(x$fpl$ddiv)
    ddiv_entry                               0x08002dbb   Thumb Code     0  ddiv.o(x$fpl$ddiv)
    x$fpl$dfix                               0x08003064   Section       94  dfix.o(x$fpl$dfix)
    $v0                                      0x08003064   Number         0  dfix.o(x$fpl$dfix)
    x$fpl$dflt                               0x080030c2   Section       46  dflt_clz.o(x$fpl$dflt)
    $v0                                      0x080030c2   Number         0  dflt_clz.o(x$fpl$dflt)
    x$fpl$dmul                               0x080030f0   Section      340  dmul.o(x$fpl$dmul)
    $v0                                      0x080030f0   Number         0  dmul.o(x$fpl$dmul)
    x$fpl$dnaninf                            0x08003244   Section      156  dnaninf.o(x$fpl$dnaninf)
    $v0                                      0x08003244   Number         0  dnaninf.o(x$fpl$dnaninf)
    x$fpl$dretinf                            0x080032e0   Section       12  dretinf.o(x$fpl$dretinf)
    $v0                                      0x080032e0   Number         0  dretinf.o(x$fpl$dretinf)
    x$fpl$drsb                               0x080032ec   Section       22  daddsub_clz.o(x$fpl$drsb)
    $v0                                      0x080032ec   Number         0  daddsub_clz.o(x$fpl$drsb)
    x$fpl$dsqrt                              0x08003304   Section      408  dsqrt_umaal.o(x$fpl$dsqrt)
    $v0                                      0x08003304   Number         0  dsqrt_umaal.o(x$fpl$dsqrt)
    x$fpl$dsub                               0x0800349c   Section      468  daddsub_clz.o(x$fpl$dsub)
    $v0                                      0x0800349c   Number         0  daddsub_clz.o(x$fpl$dsub)
    _dsub1                                   0x080034ad   Thumb Code     0  daddsub_clz.o(x$fpl$dsub)
    x$fpl$fpinit                             0x08003670   Section       10  fpinit.o(x$fpl$fpinit)
    $v0                                      0x08003670   Number         0  fpinit.o(x$fpl$fpinit)
    x$fpl$usenofp                            0x0800367a   Section        0  usenofp.o(x$fpl$usenofp)
    .constdata                               0x08003680   Section      152  atan.o(.constdata)
    atanhi                                   0x08003680   Data          32  atan.o(.constdata)
    atanlo                                   0x080036a0   Data          32  atan.o(.constdata)
    aTodd                                    0x080036c0   Data          40  atan.o(.constdata)
    aTeven                                   0x080036e8   Data          48  atan.o(.constdata)
    .data                                    0x20000000   Section        4  main.o(.data)
    .data                                    0x20000004   Section        8  heap_1.o(.data)
    xNextFreeByte                            0x20000004   Data           4  heap_1.o(.data)
    pucAlignedHeap                           0x20000008   Data           4  heap_1.o(.data)
    .data                                    0x2000000c   Section       12  port.o(.data)
    uxCriticalNesting                        0x2000000c   Data           4  port.o(.data)
    ucMaxSysCallPriority                     0x20000010   Data           1  port.o(.data)
    ulMaxPRIGROUPValue                       0x20000014   Data           4  port.o(.data)
    .data                                    0x20000018   Section       60  tasks.o(.data)
    pxDelayedTaskList                        0x2000001c   Data           4  tasks.o(.data)
    pxOverflowDelayedTaskList                0x20000020   Data           4  tasks.o(.data)
    uxDeletedTasksWaitingCleanUp             0x20000024   Data           4  tasks.o(.data)
    uxCurrentNumberOfTasks                   0x20000028   Data           4  tasks.o(.data)
    xTickCount                               0x2000002c   Data           4  tasks.o(.data)
    uxTopReadyPriority                       0x20000030   Data           4  tasks.o(.data)
    xSchedulerRunning                        0x20000034   Data           4  tasks.o(.data)
    xPendedTicks                             0x20000038   Data           4  tasks.o(.data)
    xYieldPending                            0x2000003c   Data           4  tasks.o(.data)
    xNumOfOverflows                          0x20000040   Data           4  tasks.o(.data)
    uxTaskNumber                             0x20000044   Data           4  tasks.o(.data)
    xNextTaskUnblockTime                     0x20000048   Data           4  tasks.o(.data)
    xIdleTaskHandle                          0x2000004c   Data           4  tasks.o(.data)
    uxSchedulerSuspended                     0x20000050   Data           4  tasks.o(.data)
    .data                                    0x20000054   Section       20  timers.o(.data)
    pxCurrentTimerList                       0x20000054   Data           4  timers.o(.data)
    pxOverflowTimerList                      0x20000058   Data           4  timers.o(.data)
    xTimerQueue                              0x2000005c   Data           4  timers.o(.data)
    xTimerTaskHandle                         0x20000060   Data           4  timers.o(.data)
    xLastTime                                0x20000064   Data           4  timers.o(.data)
    .bss                                     0x20000068   Section    18432  heap_1.o(.bss)
    ucHeap                                   0x20000068   Data       18432  heap_1.o(.bss)
    .bss                                     0x20004868   Section       64  queue.o(.bss)
    .bss                                     0x200048a8   Section      200  tasks.o(.bss)
    pxReadyTasksLists                        0x200048a8   Data         100  tasks.o(.bss)
    xDelayedTaskList1                        0x2000490c   Data          20  tasks.o(.bss)
    xDelayedTaskList2                        0x20004920   Data          20  tasks.o(.bss)
    xPendingReadyList                        0x20004934   Data          20  tasks.o(.bss)
    xTasksWaitingTermination                 0x20004948   Data          20  tasks.o(.bss)
    xSuspendedTaskList                       0x2000495c   Data          20  tasks.o(.bss)
    .bss                                     0x20004970   Section       40  timers.o(.bss)
    xActiveTimerList1                        0x20004970   Data          20  timers.o(.bss)
    xActiveTimerList2                        0x20004984   Data          20  timers.o(.bss)
    .bss                                     0x20004998   Section       96  libspace.o(.bss)
    HEAP                                     0x200049f8   Section      512  startup_stm32f40xx.o(HEAP)
    Heap_Mem                                 0x200049f8   Data         512  startup_stm32f40xx.o(HEAP)
    STACK                                    0x20004bf8   Section     1024  startup_stm32f40xx.o(STACK)
    Stack_Mem                                0x20004bf8   Data        1024  startup_stm32f40xx.o(STACK)
    __initial_sp                             0x20004ff8   Data           0  startup_stm32f40xx.o(STACK)

    Global Symbols

    Symbol Name                              Value     Ov Type        Size  Object(Section)

    BuildAttributes$$THM_ISAv4$E$P$D$K$B$S$7EM$VFPi3$EXTD16$VFPS$VFMA$PE$A:L22UL41UL21$X:L11$S22US41US21$IEEE1$IW$USESV6$~STKCKD$USESV7$~SHL$OTIME$ROPI$IEEEX$EBA8$UX$STANDARDLIB$REQ8$PRES8$EABIv2 0x00000000   Number         0  anon$$obj.o ABSOLUTE
    __ARM_use_no_argv                        0x00000000   Number         0  main.o ABSOLUTE
    __ARM_exceptions_init                     - Undefined Weak Reference
    __alloca_initialize                       - Undefined Weak Reference
    __arm_preinit_                            - Undefined Weak Reference
    __cpp_initialize__aeabi_                  - Undefined Weak Reference
    __cxa_finalize                            - Undefined Weak Reference
    __rt_locale                               - Undefined Weak Reference
    __sigvec_lookup                           - Undefined Weak Reference
    _atexit_init                              - Undefined Weak Reference
    _call_atexit_fns                          - Undefined Weak Reference
    _clock_init                               - Undefined Weak Reference
    _fp_trap_init                             - Undefined Weak Reference
    _fp_trap_shutdown                         - Undefined Weak Reference
    _get_lc_collate                           - Undefined Weak Reference
    _get_lc_ctype                             - Undefined Weak Reference
    _get_lc_monetary                          - Undefined Weak Reference
    _get_lc_numeric                           - Undefined Weak Reference
    _get_lc_time                              - Undefined Weak Reference
    _getenv_init                              - Undefined Weak Reference
    _handle_redirection                       - Undefined Weak Reference
    _init_alloc                               - Undefined Weak Reference
    _init_user_alloc                          - Undefined Weak Reference
    _initio                                   - Undefined Weak Reference
    _rand_init                                - Undefined Weak Reference
    _signal_finish                            - Undefined Weak Reference
    _signal_init                              - Undefined Weak Reference
    _terminate_alloc                          - Undefined Weak Reference
    _terminate_user_alloc                     - Undefined Weak Reference
    _terminateio                              - Undefined Weak Reference
    __Vectors_Size                           0x00000188   Number         0  startup_stm32f40xx.o ABSOLUTE
    __Vectors                                0x08000000   Data           4  startup_stm32f40xx.o(RESET)
    __Vectors_End                            0x08000188   Data           0  startup_stm32f40xx.o(RESET)
    __main                                   0x08000189   Thumb Code     8  __main.o(!!!main)
    __scatterload                            0x08000191   Thumb Code     0  __scatter.o(!!!scatter)
    __scatterload_rt2                        0x08000191   Thumb Code    44  __scatter.o(!!!scatter)
    __scatterload_rt2_thumb_only             0x08000191   Thumb Code     0  __scatter.o(!!!scatter)
    __scatterload_null                       0x0800019f   Thumb Code     0  __scatter.o(!!!scatter)
    __scatterload_copy                       0x080001c5   Thumb Code    26  __scatter_copy.o(!!handler_copy)
    __scatterload_zeroinit                   0x080001e1   Thumb Code    28  __scatter_zi.o(!!handler_zi)
    __rt_lib_init                            0x080001fd   Thumb Code     0  libinit.o(.ARM.Collect$$libinit$$00000000)
    __rt_lib_init_fp_1                       0x080001ff   Thumb Code     0  libinit2.o(.ARM.Collect$$libinit$$00000001)
    __rt_lib_init_alloca_1                   0x08000203   Thumb Code     0  libinit2.o(.ARM.Collect$$libinit$$0000002E)
    __rt_lib_init_argv_1                     0x08000203   Thumb Code     0  libinit2.o(.ARM.Collect$$libinit$$0000002C)
    __rt_lib_init_atexit_1                   0x08000203   Thumb Code     0  libinit2.o(.ARM.Collect$$libinit$$0000001B)
    __rt_lib_init_clock_1                    0x08000203   Thumb Code     0  libinit2.o(.ARM.Collect$$libinit$$00000021)
    __rt_lib_init_cpp_1                      0x08000203   Thumb Code     0  libinit2.o(.ARM.Collect$$libinit$$00000032)
    __rt_lib_init_exceptions_1               0x08000203   Thumb Code     0  libinit2.o(.ARM.Collect$$libinit$$00000030)
    __rt_lib_init_fp_trap_1                  0x08000203   Thumb Code     0  libinit2.o(.ARM.Collect$$libinit$$0000001F)
    __rt_lib_init_getenv_1                   0x08000203   Thumb Code     0  libinit2.o(.ARM.Collect$$libinit$$00000023)
    __rt_lib_init_heap_1                     0x08000203   Thumb Code     0  libinit2.o(.ARM.Collect$$libinit$$0000000A)
    __rt_lib_init_lc_collate_1               0x08000203   Thumb Code     0  libinit2.o(.ARM.Collect$$libinit$$00000011)
    __rt_lib_init_lc_ctype_1                 0x08000203   Thumb Code     0  libinit2.o(.ARM.Collect$$libinit$$00000013)
    __rt_lib_init_lc_monetary_1              0x08000203   Thumb Code     0  libinit2.o(.ARM.Collect$$libinit$$00000015)
    __rt_lib_init_lc_numeric_1               0x08000203   Thumb Code     0  libinit2.o(.ARM.Collect$$libinit$$00000017)
    __rt_lib_init_lc_time_1                  0x08000203   Thumb Code     0  libinit2.o(.ARM.Collect$$libinit$$00000019)
    __rt_lib_init_preinit_1                  0x08000203   Thumb Code     0  libinit2.o(.ARM.Collect$$libinit$$00000004)
    __rt_lib_init_rand_1                     0x08000203   Thumb Code     0  libinit2.o(.ARM.Collect$$libinit$$0000000E)
    __rt_lib_init_return                     0x08000203   Thumb Code     0  libinit2.o(.ARM.Collect$$libinit$$00000033)
    __rt_lib_init_signal_1                   0x08000203   Thumb Code     0  libinit2.o(.ARM.Collect$$libinit$$0000001D)
    __rt_lib_init_stdio_1                    0x08000203   Thumb Code     0  libinit2.o(.ARM.Collect$$libinit$$00000025)
    __rt_lib_init_user_alloc_1               0x08000203   Thumb Code     0  libinit2.o(.ARM.Collect$$libinit$$0000000C)
    __rt_lib_shutdown                        0x08000205   Thumb Code     0  libshutdown.o(.ARM.Collect$$libshutdown$$00000000)
    __rt_lib_shutdown_cpp_1                  0x08000207   Thumb Code     0  libshutdown2.o(.ARM.Collect$$libshutdown$$00000002)
    __rt_lib_shutdown_fp_trap_1              0x08000207   Thumb Code     0  libshutdown2.o(.ARM.Collect$$libshutdown$$00000007)
    __rt_lib_shutdown_heap_1                 0x08000207   Thumb Code     0  libshutdown2.o(.ARM.Collect$$libshutdown$$0000000F)
    __rt_lib_shutdown_return                 0x08000207   Thumb Code     0  libshutdown2.o(.ARM.Collect$$libshutdown$$00000010)
    __rt_lib_shutdown_signal_1               0x08000207   Thumb Code     0  libshutdown2.o(.ARM.Collect$$libshutdown$$0000000A)
    __rt_lib_shutdown_stdio_1                0x08000207   Thumb Code     0  libshutdown2.o(.ARM.Collect$$libshutdown$$00000004)
    __rt_lib_shutdown_user_alloc_1           0x08000207   Thumb Code     0  libshutdown2.o(.ARM.Collect$$libshutdown$$0000000C)
    __rt_entry                               0x08000209   Thumb Code     0  __rtentry.o(.ARM.Collect$$rtentry$$00000000)
    __rt_entry_presh_1                       0x08000209   Thumb Code     0  __rtentry2.o(.ARM.Collect$$rtentry$$00000002)
    __rt_entry_sh                            0x08000209   Thumb Code     0  __rtentry4.o(.ARM.Collect$$rtentry$$00000004)
    __rt_entry_li                            0x0800020f   Thumb Code     0  __rtentry2.o(.ARM.Collect$$rtentry$$0000000A)
    __rt_entry_postsh_1                      0x0800020f   Thumb Code     0  __rtentry2.o(.ARM.Collect$$rtentry$$00000009)
    __rt_entry_main                          0x08000213   Thumb Code     0  __rtentry2.o(.ARM.Collect$$rtentry$$0000000D)
    __rt_entry_postli_1                      0x08000213   Thumb Code     0  __rtentry2.o(.ARM.Collect$$rtentry$$0000000C)
    __rt_exit                                0x0800021b   Thumb Code     0  rtexit.o(.ARM.Collect$$rtexit$$00000000)
    __rt_exit_ls                             0x0800021d   Thumb Code     0  rtexit2.o(.ARM.Collect$$rtexit$$00000003)
    __rt_exit_prels_1                        0x0800021d   Thumb Code     0  rtexit2.o(.ARM.Collect$$rtexit$$00000002)
    __rt_exit_exit                           0x08000221   Thumb Code     0  rtexit2.o(.ARM.Collect$$rtexit$$00000004)
    SVC_Handler                              0x08000229   Thumb Code    28  port.o(.emb_text)
    __asm___6_port_c_39a90d8d__prvStartFirstTask 0x08000249   Thumb Code    36  port.o(.emb_text)
    __asm___6_port_c_39a90d8d__prvEnableVFP  0x08000271   Thumb Code    16  port.o(.emb_text)
    PendSV_Handler                           0x08000285   Thumb Code    88  port.o(.emb_text)
    vPortGetIPSR                             0x080002e1   Thumb Code     6  port.o(.emb_text)
    Reset_Handler                            0x080002e9   Thumb Code     8  startup_stm32f40xx.o(.text)
    NMI_Handler                              0x080002f1   Thumb Code     2  startup_stm32f40xx.o(.text)
    HardFault_Handler                        0x080002f3   Thumb Code     2  startup_stm32f40xx.o(.text)
    MemManage_Handler                        0x080002f5   Thumb Code     2  startup_stm32f40xx.o(.text)
    BusFault_Handler                         0x080002f7   Thumb Code     2  startup_stm32f40xx.o(.text)
    UsageFault_Handler                       0x080002f9   Thumb Code     2  startup_stm32f40xx.o(.text)
    DebugMon_Handler                         0x080002fd   Thumb Code     2  startup_stm32f40xx.o(.text)
    ADC_IRQHandler                           0x08000303   Thumb Code     0  startup_stm32f40xx.o(.text)
    CAN1_RX0_IRQHandler                      0x08000303   Thumb Code     0  startup_stm32f40xx.o(.text)
    CAN1_RX1_IRQHandler                      0x08000303   Thumb Code     0  startup_stm32f40xx.o(.text)
    CAN1_SCE_IRQHandler                      0x08000303   Thumb Code     0  startup_stm32f40xx.o(.text)
    CAN1_TX_IRQHandler                       0x08000303   Thumb Code     0  startup_stm32f40xx.o(.text)
    CAN2_RX0_IRQHandler                      0x08000303   Thumb Code     0  startup_stm32f40xx.o(.text)
    CAN2_RX1_IRQHandler                      0x08000303   Thumb Code     0  startup_stm32f40xx.o(.text)
    CAN2_SCE_IRQHandler                      0x08000303   Thumb Code     0  startup_stm32f40xx.o(.text)
    CAN2_TX_IRQHandler                       0x08000303   Thumb Code     0  startup_stm32f40xx.o(.text)
    CRYP_IRQHandler                          0x08000303   Thumb Code     0  startup_stm32f40xx.o(.text)
    DCMI_IRQHandler                          0x08000303   Thumb Code     0  startup_stm32f40xx.o(.text)
    DMA1_Stream0_IRQHandler                  0x08000303   Thumb Code     0  startup_stm32f40xx.o(.text)
    DMA1_Stream1_IRQHandler                  0x08000303   Thumb Code     0  startup_stm32f40xx.o(.text)
    DMA1_Stream2_IRQHandler                  0x08000303   Thumb Code     0  startup_stm32f40xx.o(.text)
    DMA1_Stream3_IRQHandler                  0x08000303   Thumb Code     0  startup_stm32f40xx.o(.text)
    DMA1_Stream4_IRQHandler                  0x08000303   Thumb Code     0  startup_stm32f40xx.o(.text)
    DMA1_Stream5_IRQHandler                  0x08000303   Thumb Code     0  startup_stm32f40xx.o(.text)
    DMA1_Stream6_IRQHandler                  0x08000303   Thumb Code     0  startup_stm32f40xx.o(.text)
    DMA1_Stream7_IRQHandler                  0x08000303   Thumb Code     0  startup_stm32f40xx.o(.text)
    DMA2_Stream0_IRQHandler                  0x08000303   Thumb Code     0  startup_stm32f40xx.o(.text)
    DMA2_Stream1_IRQHandler                  0x08000303   Thumb Code     0  startup_stm32f40xx.o(.text)
    DMA2_Stream2_IRQHandler                  0x08000303   Thumb Code     0  startup_stm32f40xx.o(.text)
    DMA2_Stream3_IRQHandler                  0x08000303   Thumb Code     0  startup_stm32f40xx.o(.text)
    DMA2_Stream4_IRQHandler                  0x08000303   Thumb Code     0  startup_stm32f40xx.o(.text)
    DMA2_Stream5_IRQHandler                  0x08000303   Thumb Code     0  startup_stm32f40xx.o(.text)
    DMA2_Stream6_IRQHandler                  0x08000303   Thumb Code     0  startup_stm32f40xx.o(.text)
    DMA2_Stream7_IRQHandler                  0x08000303   Thumb Code     0  startup_stm32f40xx.o(.text)
    ETH_IRQHandler                           0x08000303   Thumb Code     0  startup_stm32f40xx.o(.text)
    ETH_WKUP_IRQHandler                      0x08000303   Thumb Code     0  startup_stm32f40xx.o(.text)
    EXTI0_IRQHandler                         0x08000303   Thumb Code     0  startup_stm32f40xx.o(.text)
    EXTI15_10_IRQHandler                     0x08000303   Thumb Code     0  startup_stm32f40xx.o(.text)
    EXTI1_IRQHandler                         0x08000303   Thumb Code     0  startup_stm32f40xx.o(.text)
    EXTI2_IRQHandler                         0x08000303   Thumb Code     0  startup_stm32f40xx.o(.text)
    EXTI3_IRQHandler                         0x08000303   Thumb Code     0  startup_stm32f40xx.o(.text)
    EXTI4_IRQHandler                         0x08000303   Thumb Code     0  startup_stm32f40xx.o(.text)
    EXTI9_5_IRQHandler                       0x08000303   Thumb Code     0  startup_stm32f40xx.o(.text)
    FLASH_IRQHandler                         0x08000303   Thumb Code     0  startup_stm32f40xx.o(.text)
    FPU_IRQHandler                           0x08000303   Thumb Code     0  startup_stm32f40xx.o(.text)
    FSMC_IRQHandler                          0x08000303   Thumb Code     0  startup_stm32f40xx.o(.text)
    HASH_RNG_IRQHandler                      0x08000303   Thumb Code     0  startup_stm32f40xx.o(.text)
    I2C1_ER_IRQHandler                       0x08000303   Thumb Code     0  startup_stm32f40xx.o(.text)
    I2C1_EV_IRQHandler                       0x08000303   Thumb Code     0  startup_stm32f40xx.o(.text)
    I2C2_ER_IRQHandler                       0x08000303   Thumb Code     0  startup_stm32f40xx.o(.text)
    I2C2_EV_IRQHandler                       0x08000303   Thumb Code     0  startup_stm32f40xx.o(.text)
    I2C3_ER_IRQHandler                       0x08000303   Thumb Code     0  startup_stm32f40xx.o(.text)
    I2C3_EV_IRQHandler                       0x08000303   Thumb Code     0  startup_stm32f40xx.o(.text)
    OTG_FS_IRQHandler                        0x08000303   Thumb Code     0  startup_stm32f40xx.o(.text)
    OTG_FS_WKUP_IRQHandler                   0x08000303   Thumb Code     0  startup_stm32f40xx.o(.text)
    OTG_HS_EP1_IN_IRQHandler                 0x08000303   Thumb Code     0  startup_stm32f40xx.o(.text)
    OTG_HS_EP1_OUT_IRQHandler                0x08000303   Thumb Code     0  startup_stm32f40xx.o(.text)
    OTG_HS_IRQHandler                        0x08000303   Thumb Code     0  startup_stm32f40xx.o(.text)
    OTG_HS_WKUP_IRQHandler                   0x08000303   Thumb Code     0  startup_stm32f40xx.o(.text)
    PVD_IRQHandler                           0x08000303   Thumb Code     0  startup_stm32f40xx.o(.text)
    RCC_IRQHandler                           0x08000303   Thumb Code     0  startup_stm32f40xx.o(.text)
    RTC_Alarm_IRQHandler                     0x08000303   Thumb Code     0  startup_stm32f40xx.o(.text)
    RTC_WKUP_IRQHandler                      0x08000303   Thumb Code     0  startup_stm32f40xx.o(.text)
    SDIO_IRQHandler                          0x08000303   Thumb Code     0  startup_stm32f40xx.o(.text)
    SPI1_IRQHandler                          0x08000303   Thumb Code     0  startup_stm32f40xx.o(.text)
    SPI2_IRQHandler                          0x08000303   Thumb Code     0  startup_stm32f40xx.o(.text)
    SPI3_IRQHandler                          0x08000303   Thumb Code     0  startup_stm32f40xx.o(.text)
    TAMP_STAMP_IRQHandler                    0x08000303   Thumb Code     0  startup_stm32f40xx.o(.text)
    TIM1_BRK_TIM9_IRQHandler                 0x08000303   Thumb Code     0  startup_stm32f40xx.o(.text)
    TIM1_CC_IRQHandler                       0x08000303   Thumb Code     0  startup_stm32f40xx.o(.text)
    TIM1_TRG_COM_TIM11_IRQHandler            0x08000303   Thumb Code     0  startup_stm32f40xx.o(.text)
    TIM1_UP_TIM10_IRQHandler                 0x08000303   Thumb Code     0  startup_stm32f40xx.o(.text)
    TIM2_IRQHandler                          0x08000303   Thumb Code     0  startup_stm32f40xx.o(.text)
    TIM3_IRQHandler                          0x08000303   Thumb Code     0  startup_stm32f40xx.o(.text)
    TIM4_IRQHandler                          0x08000303   Thumb Code     0  startup_stm32f40xx.o(.text)
    TIM5_IRQHandler                          0x08000303   Thumb Code     0  startup_stm32f40xx.o(.text)
    TIM6_DAC_IRQHandler                      0x08000303   Thumb Code     0  startup_stm32f40xx.o(.text)
    TIM7_IRQHandler                          0x08000303   Thumb Code     0  startup_stm32f40xx.o(.text)
    TIM8_BRK_TIM12_IRQHandler                0x08000303   Thumb Code     0  startup_stm32f40xx.o(.text)
    TIM8_CC_IRQHandler                       0x08000303   Thumb Code     0  startup_stm32f40xx.o(.text)
    TIM8_TRG_COM_TIM14_IRQHandler            0x08000303   Thumb Code     0  startup_stm32f40xx.o(.text)
    TIM8_UP_TIM13_IRQHandler                 0x08000303   Thumb Code     0  startup_stm32f40xx.o(.text)
    UART4_IRQHandler                         0x08000303   Thumb Code     0  startup_stm32f40xx.o(.text)
    UART5_IRQHandler                         0x08000303   Thumb Code     0  startup_stm32f40xx.o(.text)
    USART1_IRQHandler                        0x08000303   Thumb Code     0  startup_stm32f40xx.o(.text)
    USART2_IRQHandler                        0x08000303   Thumb Code     0  startup_stm32f40xx.o(.text)
    USART3_IRQHandler                        0x08000303   Thumb Code     0  startup_stm32f40xx.o(.text)
    USART6_IRQHandler                        0x08000303   Thumb Code     0  startup_stm32f40xx.o(.text)
    WWDG_IRQHandler                          0x08000303   Thumb Code     0  startup_stm32f40xx.o(.text)
    __user_initial_stackheap                 0x08000305   Thumb Code     0  startup_stm32f40xx.o(.text)
    __aeabi_memcpy                           0x08000329   Thumb Code     0  rt_memcpy_v6.o(.text)
    __rt_memcpy                              0x08000329   Thumb Code   138  rt_memcpy_v6.o(.text)
    _memcpy_lastbytes                        0x0800038f   Thumb Code     0  rt_memcpy_v6.o(.text)
    __aeabi_memset                           0x080003b3   Thumb Code    16  aeabi_memset.o(.text)
    __aeabi_memclr4                          0x080003c3   Thumb Code     0  rt_memclr_w.o(.text)
    __aeabi_memclr8                          0x080003c3   Thumb Code     0  rt_memclr_w.o(.text)
    __rt_memclr_w                            0x080003c3   Thumb Code    78  rt_memclr_w.o(.text)
    _memset_w                                0x080003c7   Thumb Code     0  rt_memclr_w.o(.text)
    __use_two_region_memory                  0x08000411   Thumb Code     2  heapauxi.o(.text)
    __rt_heap_escrow$2region                 0x08000413   Thumb Code     2  heapauxi.o(.text)
    __rt_heap_expand$2region                 0x08000415   Thumb Code     2  heapauxi.o(.text)
    __read_errno                             0x08000417   Thumb Code    10  _rserrno.o(.text)
    __set_errno                              0x08000421   Thumb Code    12  _rserrno.o(.text)
    __aeabi_memcpy4                          0x0800042d   Thumb Code     0  rt_memcpy_w.o(.text)
    __aeabi_memcpy8                          0x0800042d   Thumb Code     0  rt_memcpy_w.o(.text)
    __rt_memcpy_w                            0x0800042d   Thumb Code   100  rt_memcpy_w.o(.text)
    _memcpy_lastbytes_aligned                0x08000475   Thumb Code     0  rt_memcpy_w.o(.text)
    __aeabi_memclr                           0x08000491   Thumb Code     0  rt_memclr.o(.text)
    __rt_memclr                              0x08000491   Thumb Code    68  rt_memclr.o(.text)
    _memset                                  0x08000495   Thumb Code     0  rt_memclr.o(.text)
    __aeabi_errno_addr                       0x080004d5   Thumb Code     8  rt_errno_addr_intlibspace.o(.text)
    __errno$intlibspace                      0x080004d5   Thumb Code     0  rt_errno_addr_intlibspace.o(.text)
    __rt_errno_addr$intlibspace              0x080004d5   Thumb Code     0  rt_errno_addr_intlibspace.o(.text)
    __user_libspace                          0x080004dd   Thumb Code     8  libspace.o(.text)
    __user_perproc_libspace                  0x080004dd   Thumb Code     0  libspace.o(.text)
    __user_perthread_libspace                0x080004dd   Thumb Code     0  libspace.o(.text)
    __user_setup_stackheap                   0x080004e5   Thumb Code    74  sys_stackheap_outer.o(.text)
    exit                                     0x0800052f   Thumb Code    18  exit.o(.text)
    _sys_exit                                0x08000541   Thumb Code     8  sys_exit.o(.text)
    __I$use$semihosting                      0x0800054d   Thumb Code     0  use_no_semi.o(.text)
    __use_no_semihosting_swi                 0x0800054d   Thumb Code     2  use_no_semi.o(.text)
    __semihosting_library_function           0x0800054f   Thumb Code     0  indicate_semi.o(.text)
    GPIOInit                                 0x08000551   Thumb Code   206  main.o(i.GPIOInit)
    SPI1Init                                 0x08000629   Thumb Code   126  main.o(i.SPI1Init)
    SPI_Rx                                   0x080006bd   Thumb Code   108  main.o(i.SPI_Rx)
    SPI_Tx                                   0x08000731   Thumb Code    98  main.o(i.SPI_Tx)
    SysTick_Handler                          0x08000889   Thumb Code    46  port.o(i.SysTick_Handler)
    SystemInit                               0x080008bd   Thumb Code    88  system_stm32f4xx.o(i.SystemInit)
    USART1Init                               0x08000925   Thumb Code   136  main.o(i.USART1Init)
    __ARM_fpclassify                         0x080009b9   Thumb Code    48  fpclassify.o(i.__ARM_fpclassify)
    __hardfp_atan                            0x080009e9   Thumb Code   622  atan.o(i.__hardfp_atan)
    __hardfp_sqrt                            0x08000cc1   Thumb Code   122  sqrt.o(i.__hardfp_sqrt)
    __kernel_poly                            0x08000d3b   Thumb Code   248  poly.o(i.__kernel_poly)
    __mathlib_dbl_infnan                     0x08000e33   Thumb Code    20  dunder.o(i.__mathlib_dbl_infnan)
    __mathlib_dbl_underflow                  0x08000e49   Thumb Code    24  dunder.o(i.__mathlib_dbl_underflow)
    fabs                                     0x08000e69   Thumb Code    24  fabs.o(i.fabs)
    getAngleX                                0x08000e81   Thumb Code   120  main.o(i.getAngleX)
    getAngleY                                0x08000f01   Thumb Code   120  main.o(i.getAngleY)
    main                                     0x08000f81   Thumb Code    76  main.o(i.main)
    pvPortMalloc                             0x080018cd   Thumb Code    98  heap_1.o(i.pvPortMalloc)
    pxPortInitialiseStack                    0x0800193d   Thumb Code    38  port.o(i.pxPortInitialiseStack)
    sendDataUSART                            0x08001969   Thumb Code    66  main.o(i.sendDataUSART)
    uxListRemove                             0x080019b5   Thumb Code    40  list.o(i.uxListRemove)
    uxQueueMessagesWaiting                   0x080019dd   Thumb Code    42  queue.o(i.uxQueueMessagesWaiting)
    vListInitialise                          0x08001a07   Thumb Code    26  list.o(i.vListInitialise)
    vListInitialiseItem                      0x08001a21   Thumb Code     6  list.o(i.vListInitialiseItem)
    vListInsert                              0x08001a27   Thumb Code    52  list.o(i.vListInsert)
    vListInsertEnd                           0x08001a5b   Thumb Code    24  list.o(i.vListInsertEnd)
    vPortEnterCritical                       0x08001a75   Thumb Code    76  port.o(i.vPortEnterCritical)
    vPortExitCritical                        0x08001ac9   Thumb Code    56  port.o(i.vPortExitCritical)
    vPortFree                                0x08001b05   Thumb Code    34  heap_1.o(i.vPortFree)
    vPortSetupTimerInterrupt                 0x08001b29   Thumb Code    20  port.o(i.vPortSetupTimerInterrupt)
    vPortValidateInterruptPriority           0x08001b41   Thumb Code   106  port.o(i.vPortValidateInterruptPriority)
    vQueueAddToRegistry                      0x08001bb9   Thumb Code    38  queue.o(i.vQueueAddToRegistry)
    vQueueWaitForMessageRestricted           0x08001be5   Thumb Code    74  queue.o(i.vQueueWaitForMessageRestricted)
    vTaskDelay                               0x08001c31   Thumb Code    82  tasks.o(i.vTaskDelay)
    vTaskInternalSetTimeOutState             0x08001c8d   Thumb Code    14  tasks.o(i.vTaskInternalSetTimeOutState)
    vTaskMissedYield                         0x08001ca5   Thumb Code     8  tasks.o(i.vTaskMissedYield)
    vTaskPlaceOnEventList                    0x08001cb1   Thumb Code    52  tasks.o(i.vTaskPlaceOnEventList)
    vTaskPlaceOnEventListRestricted          0x08001ce9   Thumb Code    60  tasks.o(i.vTaskPlaceOnEventListRestricted)
    vTaskSPI1                                0x08001d29   Thumb Code   240  main.o(i.vTaskSPI1)
    vTaskStartScheduler                      0x08001e25   Thumb Code   118  tasks.o(i.vTaskStartScheduler)
    vTaskSuspendAll                          0x08001eb9   Thumb Code    12  tasks.o(i.vTaskSuspendAll)
    vTaskSwitchContext                       0x08001ec9   Thumb Code   118  tasks.o(i.vTaskSwitchContext)
    vTaskUSART1                              0x08001f55   Thumb Code   180  main.o(i.vTaskUSART1)
    writeLine                                0x08002029   Thumb Code    36  main.o(i.writeLine)
    xPortStartScheduler                      0x08002051   Thumb Code   330  port.o(i.xPortStartScheduler)
    xQueueGenericCreate                      0x080021b9   Thumb Code    84  queue.o(i.xQueueGenericCreate)
    xQueueGenericReset                       0x0800220d   Thumb Code   146  queue.o(i.xQueueGenericReset)
    xQueueGenericSend                        0x080022a5   Thumb Code   420  queue.o(i.xQueueGenericSend)
    xQueueGenericSendFromISR                 0x0800244d   Thumb Code   252  queue.o(i.xQueueGenericSendFromISR)
    xQueueReceive                            0x08002549   Thumb Code   356  queue.o(i.xQueueReceive)
    xTaskCheckForTimeOut                     0x080026b1   Thumb Code   132  tasks.o(i.xTaskCheckForTimeOut)
    xTaskCreate                              0x0800273d   Thumb Code    96  tasks.o(i.xTaskCreate)
    xTaskGetSchedulerState                   0x0800279d   Thumb Code    24  tasks.o(i.xTaskGetSchedulerState)
    xTaskGetTickCount                        0x080027bd   Thumb Code     6  tasks.o(i.xTaskGetTickCount)
    xTaskIncrementTick                       0x080027c9   Thumb Code   282  tasks.o(i.xTaskIncrementTick)
    xTaskPriorityDisinherit                  0x08002911   Thumb Code   188  tasks.o(i.xTaskPriorityDisinherit)
    xTaskRemoveFromEventList                 0x080029d9   Thumb Code   128  tasks.o(i.xTaskRemoveFromEventList)
    xTaskResumeAll                           0x08002a71   Thumb Code   224  tasks.o(i.xTaskResumeAll)
    xTimerCreateTimerTask                    0x08002b75   Thumb Code    64  timers.o(i.xTimerCreateTimerTask)
    xTimerGenericCommand                     0x08002bc9   Thumb Code   126  timers.o(i.xTimerGenericCommand)
    __aeabi_dneg                             0x08002c4d   Thumb Code     0  basic.o(x$fpl$basic)
    _dneg                                    0x08002c4d   Thumb Code     6  basic.o(x$fpl$basic)
    __aeabi_fneg                             0x08002c53   Thumb Code     0  basic.o(x$fpl$basic)
    _fneg                                    0x08002c53   Thumb Code     6  basic.o(x$fpl$basic)
    _dabs                                    0x08002c59   Thumb Code     6  basic.o(x$fpl$basic)
    _fabs                                    0x08002c5f   Thumb Code     6  basic.o(x$fpl$basic)
    __aeabi_dadd                             0x08002c65   Thumb Code     0  daddsub_clz.o(x$fpl$dadd)
    _dadd                                    0x08002c65   Thumb Code   332  daddsub_clz.o(x$fpl$dadd)
    __aeabi_ddiv                             0x08002db5   Thumb Code     0  ddiv.o(x$fpl$ddiv)
    _ddiv                                    0x08002db5   Thumb Code   552  ddiv.o(x$fpl$ddiv)
    __aeabi_d2iz                             0x08003065   Thumb Code     0  dfix.o(x$fpl$dfix)
    _dfix                                    0x08003065   Thumb Code    94  dfix.o(x$fpl$dfix)
    __aeabi_i2d                              0x080030c3   Thumb Code     0  dflt_clz.o(x$fpl$dflt)
    _dflt                                    0x080030c3   Thumb Code    46  dflt_clz.o(x$fpl$dflt)
    __aeabi_dmul                             0x080030f1   Thumb Code     0  dmul.o(x$fpl$dmul)
    _dmul                                    0x080030f1   Thumb Code   332  dmul.o(x$fpl$dmul)
    __fpl_dnaninf                            0x08003245   Thumb Code   156  dnaninf.o(x$fpl$dnaninf)
    __fpl_dretinf                            0x080032e1   Thumb Code    12  dretinf.o(x$fpl$dretinf)
    __aeabi_drsub                            0x080032ed   Thumb Code     0  daddsub_clz.o(x$fpl$drsb)
    _drsb                                    0x080032ed   Thumb Code    22  daddsub_clz.o(x$fpl$drsb)
    _dsqrt                                   0x08003305   Thumb Code   404  dsqrt_umaal.o(x$fpl$dsqrt)
    __aeabi_dsub                             0x0800349d   Thumb Code     0  daddsub_clz.o(x$fpl$dsub)
    _dsub                                    0x0800349d   Thumb Code   464  daddsub_clz.o(x$fpl$dsub)
    _fp_init                                 0x08003671   Thumb Code    10  fpinit.o(x$fpl$fpinit)
    __fplib_config_fpu_vfp                   0x08003679   Thumb Code     0  fpinit.o(x$fpl$fpinit)
    __fplib_config_pureend_doubles           0x08003679   Thumb Code     0  fpinit.o(x$fpl$fpinit)
    __I$use$fp                               0x0800367a   Number         0  usenofp.o(x$fpl$usenofp)
    Region$$Table$$Base                      0x08003718   Number         0  anon$$obj.o(Region$$Table)
    Region$$Table$$Limit                     0x08003738   Number         0  anon$$obj.o(Region$$Table)
    SendData                                 0x20000000   Data           4  main.o(.data)
    pxCurrentTCB                             0x20000018   Data           4  tasks.o(.data)
    xQueueRegistry                           0x20004868   Data          64  queue.o(.bss)
    __libspace_start                         0x20004998   Data          96  libspace.o(.bss)
    __temporary_stack_top$libspace           0x200049f8   Data           0  libspace.o(.bss)



==============================================================================

Memory Map of the image

  Image Entry point : 0x080002e9

  Load Region LR_1 (Base: 0x08000000, Size: 0x000037a0, Max: 0xffffffff, ABSOLUTE)

    Execution Region ER_RO (Exec base: 0x08000000, Load base: 0x08000000, Size: 0x00003738, Max: 0xffffffff, ABSOLUTE)

    Exec Addr    Load Addr    Size         Type   Attr      Idx    E Section Name        Object

    0x08000000   0x08000000   0x00000188   Data   RO          216    RESET               startup_stm32f40xx.o
    0x08000188   0x08000188   0x00000008   Code   RO         2309  * !!!main             c_w.l(__main.o)
    0x08000190   0x08000190   0x00000034   Code   RO         2562    !!!scatter          c_w.l(__scatter.o)
    0x080001c4   0x080001c4   0x0000001a   Code   RO         2564    !!handler_copy      c_w.l(__scatter_copy.o)
    0x080001de   0x080001de   0x00000002   PAD
    0x080001e0   0x080001e0   0x0000001c   Code   RO         2566    !!handler_zi        c_w.l(__scatter_zi.o)
    0x080001fc   0x080001fc   0x00000002   Code   RO         2435    .ARM.Collect$$libinit$$00000000  c_w.l(libinit.o)
    0x080001fe   0x080001fe   0x00000004   Code   RO         2438    .ARM.Collect$$libinit$$00000001  c_w.l(libinit2.o)
    0x08000202   0x08000202   0x00000000   Code   RO         2441    .ARM.Collect$$libinit$$00000004  c_w.l(libinit2.o)
    0x08000202   0x08000202   0x00000000   Code   RO         2444    .ARM.Collect$$libinit$$0000000A  c_w.l(libinit2.o)
    0x08000202   0x08000202   0x00000000   Code   RO         2446    .ARM.Collect$$libinit$$0000000C  c_w.l(libinit2.o)
    0x08000202   0x08000202   0x00000000   Code   RO         2448    .ARM.Collect$$libinit$$0000000E  c_w.l(libinit2.o)
    0x08000202   0x08000202   0x00000000   Code   RO         2451    .ARM.Collect$$libinit$$00000011  c_w.l(libinit2.o)
    0x08000202   0x08000202   0x00000000   Code   RO         2453    .ARM.Collect$$libinit$$00000013  c_w.l(libinit2.o)
    0x08000202   0x08000202   0x00000000   Code   RO         2455    .ARM.Collect$$libinit$$00000015  c_w.l(libinit2.o)
    0x08000202   0x08000202   0x00000000   Code   RO         2457    .ARM.Collect$$libinit$$00000017  c_w.l(libinit2.o)
    0x08000202   0x08000202   0x00000000   Code   RO         2459    .ARM.Collect$$libinit$$00000019  c_w.l(libinit2.o)
    0x08000202   0x08000202   0x00000000   Code   RO         2461    .ARM.Collect$$libinit$$0000001B  c_w.l(libinit2.o)
    0x08000202   0x08000202   0x00000000   Code   RO         2463    .ARM.Collect$$libinit$$0000001D  c_w.l(libinit2.o)
    0x08000202   0x08000202   0x00000000   Code   RO         2465    .ARM.Collect$$libinit$$0000001F  c_w.l(libinit2.o)
    0x08000202   0x08000202   0x00000000   Code   RO         2467    .ARM.Collect$$libinit$$00000021  c_w.l(libinit2.o)
    0x08000202   0x08000202   0x00000000   Code   RO         2469    .ARM.Collect$$libinit$$00000023  c_w.l(libinit2.o)
    0x08000202   0x08000202   0x00000000   Code   RO         2471    .ARM.Collect$$libinit$$00000025  c_w.l(libinit2.o)
    0x08000202   0x08000202   0x00000000   Code   RO         2475    .ARM.Collect$$libinit$$0000002C  c_w.l(libinit2.o)
    0x08000202   0x08000202   0x00000000   Code   RO         2477    .ARM.Collect$$libinit$$0000002E  c_w.l(libinit2.o)
    0x08000202   0x08000202   0x00000000   Code   RO         2479    .ARM.Collect$$libinit$$00000030  c_w.l(libinit2.o)
    0x08000202   0x08000202   0x00000000   Code   RO         2481    .ARM.Collect$$libinit$$00000032  c_w.l(libinit2.o)
    0x08000202   0x08000202   0x00000002   Code   RO         2482    .ARM.Collect$$libinit$$00000033  c_w.l(libinit2.o)
    0x08000204   0x08000204   0x00000002   Code   RO         2502    .ARM.Collect$$libshutdown$$00000000  c_w.l(libshutdown.o)
    0x08000206   0x08000206   0x00000000   Code   RO         2515    .ARM.Collect$$libshutdown$$00000002  c_w.l(libshutdown2.o)
    0x08000206   0x08000206   0x00000000   Code   RO         2517    .ARM.Collect$$libshutdown$$00000004  c_w.l(libshutdown2.o)
    0x08000206   0x08000206   0x00000000   Code   RO         2520    .ARM.Collect$$libshutdown$$00000007  c_w.l(libshutdown2.o)
    0x08000206   0x08000206   0x00000000   Code   RO         2523    .ARM.Collect$$libshutdown$$0000000A  c_w.l(libshutdown2.o)
    0x08000206   0x08000206   0x00000000   Code   RO         2525    .ARM.Collect$$libshutdown$$0000000C  c_w.l(libshutdown2.o)
    0x08000206   0x08000206   0x00000000   Code   RO         2528    .ARM.Collect$$libshutdown$$0000000F  c_w.l(libshutdown2.o)
    0x08000206   0x08000206   0x00000002   Code   RO         2529    .ARM.Collect$$libshutdown$$00000010  c_w.l(libshutdown2.o)
    0x08000208   0x08000208   0x00000000   Code   RO         2353    .ARM.Collect$$rtentry$$00000000  c_w.l(__rtentry.o)
    0x08000208   0x08000208   0x00000000   Code   RO         2402    .ARM.Collect$$rtentry$$00000002  c_w.l(__rtentry2.o)
    0x08000208   0x08000208   0x00000006   Code   RO         2414    .ARM.Collect$$rtentry$$00000004  c_w.l(__rtentry4.o)
    0x0800020e   0x0800020e   0x00000000   Code   RO         2404    .ARM.Collect$$rtentry$$00000009  c_w.l(__rtentry2.o)
    0x0800020e   0x0800020e   0x00000004   Code   RO         2405    .ARM.Collect$$rtentry$$0000000A  c_w.l(__rtentry2.o)
    0x08000212   0x08000212   0x00000000   Code   RO         2407    .ARM.Collect$$rtentry$$0000000C  c_w.l(__rtentry2.o)
    0x08000212   0x08000212   0x00000008   Code   RO         2408    .ARM.Collect$$rtentry$$0000000D  c_w.l(__rtentry2.o)
    0x0800021a   0x0800021a   0x00000002   Code   RO         2436    .ARM.Collect$$rtexit$$00000000  c_w.l(rtexit.o)
    0x0800021c   0x0800021c   0x00000000   Code   RO         2484    .ARM.Collect$$rtexit$$00000002  c_w.l(rtexit2.o)
    0x0800021c   0x0800021c   0x00000004   Code   RO         2485    .ARM.Collect$$rtexit$$00000003  c_w.l(rtexit2.o)
    0x08000220   0x08000220   0x00000006   Code   RO         2486    .ARM.Collect$$rtexit$$00000004  c_w.l(rtexit2.o)
    0x08000226   0x08000226   0x00000002   PAD
    0x08000228   0x08000228   0x000000be   Code   RO         1330    .emb_text           port.o
    0x080002e6   0x080002e6   0x00000002   PAD
    0x080002e8   0x080002e8   0x00000040   Code   RO          217  * .text               startup_stm32f40xx.o
    0x08000328   0x08000328   0x0000008a   Code   RO         2299    .text               c_w.l(rt_memcpy_v6.o)
    0x080003b2   0x080003b2   0x00000010   Code   RO         2303    .text               c_w.l(aeabi_memset.o)
    0x080003c2   0x080003c2   0x0000004e   Code   RO         2305    .text               c_w.l(rt_memclr_w.o)
    0x08000410   0x08000410   0x00000006   Code   RO         2307    .text               c_w.l(heapauxi.o)
    0x08000416   0x08000416   0x00000016   Code   RO         2354    .text               c_w.l(_rserrno.o)
    0x0800042c   0x0800042c   0x00000064   Code   RO         2356    .text               c_w.l(rt_memcpy_w.o)
    0x08000490   0x08000490   0x00000044   Code   RO         2358    .text               c_w.l(rt_memclr.o)
    0x080004d4   0x080004d4   0x00000008   Code   RO         2419    .text               c_w.l(rt_errno_addr_intlibspace.o)
    0x080004dc   0x080004dc   0x00000008   Code   RO         2423    .text               c_w.l(libspace.o)
    0x080004e4   0x080004e4   0x0000004a   Code   RO         2426    .text               c_w.l(sys_stackheap_outer.o)
    0x0800052e   0x0800052e   0x00000012   Code   RO         2428    .text               c_w.l(exit.o)
    0x08000540   0x08000540   0x0000000c   Code   RO         2494    .text               c_w.l(sys_exit.o)
    0x0800054c   0x0800054c   0x00000002   Code   RO         2505    .text               c_w.l(use_no_semi.o)
    0x0800054e   0x0800054e   0x00000000   Code   RO         2507    .text               c_w.l(indicate_semi.o)
    0x0800054e   0x0800054e   0x00000002   PAD
    0x08000550   0x08000550   0x000000d8   Code   RO           67    i.GPIOInit          main.o
    0x08000628   0x08000628   0x00000094   Code   RO           68    i.SPI1Init          main.o
    0x080006bc   0x080006bc   0x00000074   Code   RO           69    i.SPI_Rx            main.o
    0x08000730   0x08000730   0x0000006c   Code   RO           70    i.SPI_Tx            main.o
    0x0800079c   0x0800079c   0x000000ec   Code   RO            4    i.SetSysClock       system_stm32f4xx.o
    0x08000888   0x08000888   0x00000034   Code   RO         1331    i.SysTick_Handler   port.o
    0x080008bc   0x080008bc   0x00000068   Code   RO            6    i.SystemInit        system_stm32f4xx.o
    0x08000924   0x08000924   0x00000094   Code   RO           71    i.USART1Init        main.o
    0x080009b8   0x080009b8   0x00000030   Code   RO         2397    i.__ARM_fpclassify  m_wm.l(fpclassify.o)
    0x080009e8   0x080009e8   0x000002d8   Code   RO         2327    i.__hardfp_atan     m_wm.l(atan.o)
    0x08000cc0   0x08000cc0   0x0000007a   Code   RO         2341    i.__hardfp_sqrt     m_wm.l(sqrt.o)
    0x08000d3a   0x08000d3a   0x000000f8   Code   RO         2399    i.__kernel_poly     m_wm.l(poly.o)
    0x08000e32   0x08000e32   0x00000014   Code   RO         2378    i.__mathlib_dbl_infnan  m_wm.l(dunder.o)
    0x08000e46   0x08000e46   0x00000002   PAD
    0x08000e48   0x08000e48   0x00000020   Code   RO         2383    i.__mathlib_dbl_underflow  m_wm.l(dunder.o)
    0x08000e68   0x08000e68   0x00000018   Code   RO         2393    i.fabs              m_wm.l(fabs.o)
    0x08000e80   0x08000e80   0x00000080   Code   RO           72    i.getAngleX         main.o
    0x08000f00   0x08000f00   0x00000080   Code   RO           73    i.getAngleY         main.o
    0x08000f80   0x08000f80   0x00000068   Code   RO           74    i.main              main.o
    0x08000fe8   0x08000fe8   0x00000098   Code   RO         1785    i.prvAddCurrentTaskToDelayedList  tasks.o
    0x08001080   0x08001080   0x000000b8   Code   RO         1786    i.prvAddNewTaskToReadyList  tasks.o
    0x08001138   0x08001138   0x00000064   Code   RO         2149    i.prvCheckForValidListAndQueue  timers.o
    0x0800119c   0x0800119c   0x00000048   Code   RO         1787    i.prvCheckTasksWaitingTermination  tasks.o
    0x080011e4   0x080011e4   0x0000002a   Code   RO         1408    i.prvCopyDataFromQueue  queue.o
    0x0800120e   0x0800120e   0x0000007e   Code   RO         1409    i.prvCopyDataToQueue  queue.o
    0x0800128c   0x0800128c   0x00000012   Code   RO         1788    i.prvDeleteTCB      tasks.o
    0x0800129e   0x0800129e   0x00000002   PAD
    0x080012a0   0x080012a0   0x00000028   Code   RO         2150    i.prvGetNextExpireTime  timers.o
    0x080012c8   0x080012c8   0x00000028   Code   RO         1789    i.prvIdleTask       tasks.o
    0x080012f0   0x080012f0   0x0000002a   Code   RO         1412    i.prvInitialiseNewQueue  queue.o
    0x0800131a   0x0800131a   0x000000be   Code   RO         1790    i.prvInitialiseNewTask  tasks.o
    0x080013d8   0x080013d8   0x00000068   Code   RO         1791    i.prvInitialiseTaskLists  tasks.o
    0x08001440   0x08001440   0x00000058   Code   RO         2152    i.prvInsertTimerInActiveList  timers.o
    0x08001498   0x08001498   0x0000001a   Code   RO         1413    i.prvIsQueueEmpty   queue.o
    0x080014b2   0x080014b2   0x0000001e   Code   RO         1414    i.prvIsQueueFull    queue.o
    0x080014d0   0x080014d0   0x00000074   Code   RO         2153    i.prvProcessExpiredTimer  timers.o
    0x08001544   0x08001544   0x00000138   Code   RO         2154    i.prvProcessReceivedCommands  timers.o
    0x0800167c   0x0800167c   0x00000074   Code   RO         2155    i.prvProcessTimerOrBlockTask  timers.o
    0x080016f0   0x080016f0   0x00000034   Code   RO         1793    i.prvResetNextTaskUnblockTime  tasks.o
    0x08001724   0x08001724   0x0000002c   Code   RO         2156    i.prvSampleTimeNow  timers.o
    0x08001750   0x08001750   0x000000a4   Code   RO         2157    i.prvSwitchTimerLists  timers.o
    0x080017f4   0x080017f4   0x00000040   Code   RO         1332    i.prvTaskExitError  port.o
    0x08001834   0x08001834   0x0000001a   Code   RO         2158    i.prvTimerTask      timers.o
    0x0800184e   0x0800184e   0x0000007e   Code   RO         1415    i.prvUnlockQueue    queue.o
    0x080018cc   0x080018cc   0x00000070   Code   RO         1246    i.pvPortMalloc      heap_1.o
    0x0800193c   0x0800193c   0x0000002c   Code   RO         1333    i.pxPortInitialiseStack  port.o
    0x08001968   0x08001968   0x0000004c   Code   RO           75    i.sendDataUSART     main.o
    0x080019b4   0x080019b4   0x00000028   Code   RO         1291    i.uxListRemove      list.o
    0x080019dc   0x080019dc   0x0000002a   Code   RO         1418    i.uxQueueMessagesWaiting  queue.o
    0x08001a06   0x08001a06   0x0000001a   Code   RO         1292    i.vListInitialise   list.o
    0x08001a20   0x08001a20   0x00000006   Code   RO         1293    i.vListInitialiseItem  list.o
    0x08001a26   0x08001a26   0x00000034   Code   RO         1294    i.vListInsert       list.o
    0x08001a5a   0x08001a5a   0x00000018   Code   RO         1295    i.vListInsertEnd    list.o
    0x08001a72   0x08001a72   0x00000002   PAD
    0x08001a74   0x08001a74   0x00000054   Code   RO         1335    i.vPortEnterCritical  port.o
    0x08001ac8   0x08001ac8   0x0000003c   Code   RO         1336    i.vPortExitCritical  port.o
    0x08001b04   0x08001b04   0x00000022   Code   RO         1247    i.vPortFree         heap_1.o
    0x08001b26   0x08001b26   0x00000002   PAD
    0x08001b28   0x08001b28   0x00000018   Code   RO         1337    i.vPortSetupTimerInterrupt  port.o
    0x08001b40   0x08001b40   0x00000078   Code   RO         1338    i.vPortValidateInterruptPriority  port.o
    0x08001bb8   0x08001bb8   0x0000002c   Code   RO         1421    i.vQueueAddToRegistry  queue.o
    0x08001be4   0x08001be4   0x0000004a   Code   RO         1425    i.vQueueWaitForMessageRestricted  queue.o
    0x08001c2e   0x08001c2e   0x00000002   PAD
    0x08001c30   0x08001c30   0x0000005c   Code   RO         1805    i.vTaskDelay        tasks.o
    0x08001c8c   0x08001c8c   0x00000018   Code   RO         1810    i.vTaskInternalSetTimeOutState  tasks.o
    0x08001ca4   0x08001ca4   0x0000000c   Code   RO         1811    i.vTaskMissedYield  tasks.o
    0x08001cb0   0x08001cb0   0x00000038   Code   RO         1813    i.vTaskPlaceOnEventList  tasks.o
    0x08001ce8   0x08001ce8   0x00000040   Code   RO         1814    i.vTaskPlaceOnEventListRestricted  tasks.o
    0x08001d28   0x08001d28   0x000000fc   Code   RO           76    i.vTaskSPI1         main.o
    0x08001e24   0x08001e24   0x00000094   Code   RO         1822    i.vTaskStartScheduler  tasks.o
    0x08001eb8   0x08001eb8   0x00000010   Code   RO         1824    i.vTaskSuspendAll   tasks.o
    0x08001ec8   0x08001ec8   0x0000008c   Code   RO         1825    i.vTaskSwitchContext  tasks.o
    0x08001f54   0x08001f54   0x000000d4   Code   RO           77    i.vTaskUSART1       main.o
    0x08002028   0x08002028   0x00000028   Code   RO           78    i.writeLine         main.o
    0x08002050   0x08002050   0x00000168   Code   RO         1339    i.xPortStartScheduler  port.o
    0x080021b8   0x080021b8   0x00000054   Code   RO         1428    i.xQueueGenericCreate  queue.o
    0x0800220c   0x0800220c   0x00000098   Code   RO         1429    i.xQueueGenericReset  queue.o
    0x080022a4   0x080022a4   0x000001a8   Code   RO         1430    i.xQueueGenericSend  queue.o
    0x0800244c   0x0800244c   0x000000fc   Code   RO         1431    i.xQueueGenericSendFromISR  queue.o
    0x08002548   0x08002548   0x00000168   Code   RO         1438    i.xQueueReceive     queue.o
    0x080026b0   0x080026b0   0x0000008c   Code   RO         1827    i.xTaskCheckForTimeOut  tasks.o
    0x0800273c   0x0800273c   0x00000060   Code   RO         1828    i.xTaskCreate       tasks.o
    0x0800279c   0x0800279c   0x00000020   Code   RO         1832    i.xTaskGetSchedulerState  tasks.o
    0x080027bc   0x080027bc   0x0000000c   Code   RO         1833    i.xTaskGetTickCount  tasks.o
    0x080027c8   0x080027c8   0x00000148   Code   RO         1835    i.xTaskIncrementTick  tasks.o
    0x08002910   0x08002910   0x000000c8   Code   RO         1838    i.xTaskPriorityDisinherit  tasks.o
    0x080029d8   0x080029d8   0x00000098   Code   RO         1840    i.xTaskRemoveFromEventList  tasks.o
    0x08002a70   0x08002a70   0x00000104   Code   RO         1841    i.xTaskResumeAll    tasks.o
    0x08002b74   0x08002b74   0x00000054   Code   RO         2166    i.xTimerCreateTimerTask  timers.o
    0x08002bc8   0x08002bc8   0x00000084   Code   RO         2167    i.xTimerGenericCommand  timers.o
    0x08002c4c   0x08002c4c   0x00000018   Code   RO         2360    x$fpl$basic         fz_wm.l(basic.o)
    0x08002c64   0x08002c64   0x00000150   Code   RO         2362    x$fpl$dadd          fz_wm.l(daddsub_clz.o)
    0x08002db4   0x08002db4   0x000002b0   Code   RO         2312    x$fpl$ddiv          fz_wm.l(ddiv.o)
    0x08003064   0x08003064   0x0000005e   Code   RO         2315    x$fpl$dfix          fz_wm.l(dfix.o)
    0x080030c2   0x080030c2   0x0000002e   Code   RO         2320    x$fpl$dflt          fz_wm.l(dflt_clz.o)
    0x080030f0   0x080030f0   0x00000154   Code   RO         2325    x$fpl$dmul          fz_wm.l(dmul.o)
    0x08003244   0x08003244   0x0000009c   Code   RO         2370    x$fpl$dnaninf       fz_wm.l(dnaninf.o)
    0x080032e0   0x080032e0   0x0000000c   Code   RO         2372    x$fpl$dretinf       fz_wm.l(dretinf.o)
    0x080032ec   0x080032ec   0x00000016   Code   RO         2363    x$fpl$drsb          fz_wm.l(daddsub_clz.o)
    0x08003302   0x08003302   0x00000002   PAD
    0x08003304   0x08003304   0x00000198   Code   RO         2374    x$fpl$dsqrt         fz_wm.l(dsqrt_umaal.o)
    0x0800349c   0x0800349c   0x000001d4   Code   RO         2364    x$fpl$dsub          fz_wm.l(daddsub_clz.o)
    0x08003670   0x08003670   0x0000000a   Code   RO         2492    x$fpl$fpinit        fz_wm.l(fpinit.o)
    0x0800367a   0x0800367a   0x00000000   Code   RO         2376    x$fpl$usenofp       fz_wm.l(usenofp.o)
    0x0800367a   0x0800367a   0x00000006   PAD
    0x08003680   0x08003680   0x00000098   Data   RO         2330    .constdata          m_wm.l(atan.o)
    0x08003718   0x08003718   0x00000020   Data   RO         2560    Region$$Table       anon$$obj.o


    Execution Region ER_RW (Exec base: 0x20000000, Load base: 0x08003738, Size: 0x00000068, Max: 0xffffffff, ABSOLUTE)

    Exec Addr    Load Addr    Size         Type   Attr      Idx    E Section Name        Object

    0x20000000   0x08003738   0x00000004   Data   RW           79    .data               main.o
    0x20000004   0x0800373c   0x00000008   Data   RW         1251    .data               heap_1.o
    0x2000000c   0x08003744   0x0000000c   Data   RW         1340    .data               port.o
    0x20000018   0x08003750   0x0000003c   Data   RW         1844    .data               tasks.o
    0x20000054   0x0800378c   0x00000014   Data   RW         2173    .data               timers.o


    Execution Region ER_ZI (Exec base: 0x20000068, Load base: 0x080037a0, Size: 0x00004f90, Max: 0xffffffff, ABSOLUTE)

    Exec Addr    Load Addr    Size         Type   Attr      Idx    E Section Name        Object

    0x20000068        -       0x00004800   Zero   RW         1250    .bss                heap_1.o
    0x20004868        -       0x00000040   Zero   RW         1442    .bss                queue.o
    0x200048a8        -       0x000000c8   Zero   RW         1843    .bss                tasks.o
    0x20004970        -       0x00000028   Zero   RW         2172    .bss                timers.o
    0x20004998        -       0x00000060   Zero   RW         2424    .bss                c_w.l(libspace.o)
    0x200049f8        -       0x00000200   Zero   RW          215    HEAP                startup_stm32f40xx.o
    0x20004bf8        -       0x00000400   Zero   RW          214    STACK               startup_stm32f40xx.o


==============================================================================

Image component sizes


      Code (inc. data)   RO Data    RW Data    ZI Data      Debug   Object Name

         0          0          0          0          0       7164   croutine.o
         0          0          0          0          0       9468   event_groups.o
       146         14          0          8      18432      10075   heap_1.o
       148          0          0          0          0       3222   list.o
      1676        164          0          4          0       9121   main.o
       998         92          0         12          0      10897   port.o
      1824         20          0          0         64      16135   queue.o
        64         26        392          0       1536        816   startup_stm32f40xx.o
       340         32          0          0          0       6141   system_stm32f4xx.o
      2584        348          0         60        200      23274   tasks.o
      1222        114          0         20         40      13939   timers.o

    ----------------------------------------------------------------------
      9012        810        424        104      20272     110252   Object Totals
         0          0         32          0          0          0   (incl. Generated)
        10          0          0          0          0          0   (incl. Padding)

    ----------------------------------------------------------------------

      Code (inc. data)   RO Data    RW Data    ZI Data      Debug   Library Member Name

         8          0          0          0          0         68   __main.o
         0          0          0          0          0          0   __rtentry.o
        12          0          0          0          0          0   __rtentry2.o
         6          0          0          0          0          0   __rtentry4.o
        52          8          0          0          0          0   __scatter.o
        26          0          0          0          0          0   __scatter_copy.o
        28          0          0          0          0          0   __scatter_zi.o
        22          0          0          0          0        100   _rserrno.o
        16          0          0          0          0         68   aeabi_memset.o
        18          0          0          0          0         80   exit.o
         6          0          0          0          0        152   heapauxi.o
         0          0          0          0          0          0   indicate_semi.o
         2          0          0          0          0          0   libinit.o
         6          0          0          0          0          0   libinit2.o
         2          0          0          0          0          0   libshutdown.o
         2          0          0          0          0          0   libshutdown2.o
         8          4          0          0         96         68   libspace.o
         8          4          0          0          0         68   rt_errno_addr_intlibspace.o
        68          0          0          0          0         68   rt_memclr.o
        78          0          0          0          0         80   rt_memclr_w.o
       138          0          0          0          0         68   rt_memcpy_v6.o
       100          0          0          0          0         80   rt_memcpy_w.o
         2          0          0          0          0          0   rtexit.o
        10          0          0          0          0          0   rtexit2.o
        12          4          0          0          0         68   sys_exit.o
        74          0          0          0          0         80   sys_stackheap_outer.o
         2          0          0          0          0         68   use_no_semi.o
        24          0          0          0          0        164   basic.o
       826         16          0          0          0        492   daddsub_clz.o
       688        140          0          0          0        256   ddiv.o
        94          4          0          0          0        140   dfix.o
        46          0          0          0          0        116   dflt_clz.o
       340         12          0          0          0        152   dmul.o
       156          4          0          0          0        140   dnaninf.o
        12          0          0          0          0        116   dretinf.o
       408         56          0          0          0        168   dsqrt_umaal.o
        10          0          0          0          0        116   fpinit.o
         0          0          0          0          0          0   usenofp.o
       728        106        152          0          0        228   atan.o
        52          8          0          0          0        248   dunder.o
        24          0          0          0          0        124   fabs.o
        48          0          0          0          0        124   fpclassify.o
       248          0          0          0          0        152   poly.o
       122          0          0          0          0        148   sqrt.o

    ----------------------------------------------------------------------
      4548        366        152          0         96       4000   Library Totals
        16          0          0          0          0          0   (incl. Padding)

    ----------------------------------------------------------------------

      Code (inc. data)   RO Data    RW Data    ZI Data      Debug   Library Name

       706         20          0          0         96       1116   c_w.l
      2604        232          0          0          0       1860   fz_wm.l
      1222        114        152          0          0       1024   m_wm.l

    ----------------------------------------------------------------------
      4548        366        152          0         96       4000   Library Totals

    ----------------------------------------------------------------------

==============================================================================


      Code (inc. data)   RO Data    RW Data    ZI Data      Debug   

     13560       1176        576        104      20368     104432   Grand Totals
     13560       1176        576        104      20368     104432   ELF Image Totals
     13560       1176        576        104          0          0   ROM Totals

==============================================================================

    Total RO  Size (Code + RO Data)                14136 (  13.80kB)
    Total RW  Size (RW Data + ZI Data)             20472 (  19.99kB)
    Total ROM Size (Code + RO Data + RW Data)      14240 (  13.91kB)

==============================================================================

